2025-10-27T03:03:05+00:00 DEBUG Automattic\WooCommerce\GoogleListingsAndAds\Product\WCProductAdapter::map_product_categories Product category (ID: 2809): ["Sleeveless"].
2025-10-27T03:03:05+00:00 DEBUG Automattic\WooCommerce\GoogleListingsAndAds\Product\WCProductAdapter::map_product_categories Product category (ID: 2811): ["Heavy Jacket"].
2025-10-27T03:03:05+00:00 DEBUG Automattic\WooCommerce\GoogleListingsAndAds\Product\WCProductAdapter::map_product_categories Product category (ID: 2813): ["Sleeveless"].
2025-10-27T03:03:05+00:00 DEBUG Automattic\WooCommerce\GoogleListingsAndAds\Product\WCProductAdapter::map_product_categories Product category (ID: 2815): ["All Over"].
2025-10-27T03:03:05+00:00 DEBUG Automattic\WooCommerce\GoogleListingsAndAds\Product\WCProductAdapter::map_product_categories Product category (ID: 2817): ["All Over"].
2025-10-27T03:03:05+00:00 DEBUG Automattic\WooCommerce\GoogleListingsAndAds\Product\WCProductAdapter::map_product_categories Product category (ID: 2819): ["Full Body"].
2025-10-27T03:03:05+00:00 DEBUG Automattic\WooCommerce\GoogleListingsAndAds\Product\WCProductAdapter::map_product_categories Product category (ID: 2821): ["Heavy Jacket"].
2025-10-27T03:03:05+00:00 DEBUG Automattic\WooCommerce\GoogleListingsAndAds\Product\WCProductAdapter::map_product_categories Product category (ID: 2823): ["Sleeveless"].
2025-10-27T03:03:05+00:00 DEBUG Automattic\WooCommerce\GoogleListingsAndAds\Product\WCProductAdapter::map_product_categories Product category (ID: 2825): ["Jal"].
2025-10-27T03:03:05+00:00 DEBUG Automattic\WooCommerce\GoogleListingsAndAds\Product\WCProductAdapter::map_product_categories Product category (ID: 2829): ["Heavy Jacket"].
2025-10-27T03:03:05+00:00 DEBUG Automattic\WooCommerce\GoogleListingsAndAds\Product\WCProductAdapter::map_product_categories Product category (ID: 2831): ["Sleeveless"].
2025-10-27T03:03:05+00:00 DEBUG Automattic\WooCommerce\GoogleListingsAndAds\Product\WCProductAdapter::map_product_categories Product category (ID: 2835): ["Full Body"].
2025-10-27T03:03:05+00:00 DEBUG Automattic\WooCommerce\GoogleListingsAndAds\Product\WCProductAdapter::map_product_categories Product category (ID: 2837): ["Sleeveless"].
2025-10-27T03:03:05+00:00 DEBUG Automattic\WooCommerce\GoogleListingsAndAds\Product\WCProductAdapter::map_product_categories Product category (ID: 2839): ["Belt"].
2025-10-27T03:03:05+00:00 DEBUG Automattic\WooCommerce\GoogleListingsAndAds\Product\WCProductAdapter::map_product_categories Product category (ID: 2841): ["Full Body"].
2025-10-27T03:03:05+00:00 DEBUG Automattic\WooCommerce\GoogleListingsAndAds\Product\WCProductAdapter::map_product_categories Product category (ID: 2843): ["Belt"].
2025-10-27T03:03:05+00:00 DEBUG Automattic\WooCommerce\GoogleListingsAndAds\Product\WCProductAdapter::map_product_categories Product category (ID: 2845): ["Belt"].
2025-10-27T03:03:05+00:00 DEBUG Automattic\WooCommerce\GoogleListingsAndAds\Product\WCProductAdapter::map_product_categories Product category (ID: 2847): ["Belt"].
2025-10-27T03:03:05+00:00 DEBUG Automattic\WooCommerce\GoogleListingsAndAds\Product\WCProductAdapter::map_product_categories Product category (ID: 2849): ["Full Body"].
2025-10-27T03:03:05+00:00 DEBUG Automattic\WooCommerce\GoogleListingsAndAds\Product\WCProductAdapter::map_product_categories Product category (ID: 2851): ["Full Body"].
2025-10-27T03:03:05+00:00 DEBUG Automattic\WooCommerce\GoogleListingsAndAds\Product\WCProductAdapter::map_product_categories Product category (ID: 2853): ["All Over"].
2025-10-27T03:03:05+00:00 DEBUG Automattic\WooCommerce\GoogleListingsAndAds\Product\WCProductAdapter::map_product_categories Product category (ID: 2855): ["Sleeveless"].
2025-10-27T03:03:05+00:00 DEBUG Automattic\WooCommerce\GoogleListingsAndAds\Product\WCProductAdapter::map_product_categories Product category (ID: 2857): ["All Over"].
2025-10-27T03:03:05+00:00 DEBUG Automattic\WooCommerce\GoogleListingsAndAds\Product\WCProductAdapter::map_product_categories Product category (ID: 2859): ["Full Body"].
2025-10-27T03:03:05+00:00 DEBUG Automattic\WooCommerce\GoogleListingsAndAds\Product\WCProductAdapter::map_product_categories Product category (ID: 2861): ["Belt"].
2025-10-27T03:03:05+00:00 DEBUG Automattic\WooCommerce\GoogleListingsAndAds\Product\WCProductAdapter::map_product_categories Product category (ID: 2863): ["Full Body"].
2025-10-27T03:03:05+00:00 DEBUG Automattic\WooCommerce\GoogleListingsAndAds\Product\WCProductAdapter::map_product_categories Product category (ID: 2865): ["Jacket"].
2025-10-27T03:03:05+00:00 DEBUG Automattic\WooCommerce\GoogleListingsAndAds\Product\WCProductAdapter::map_product_categories Product category (ID: 2867): ["Heavy Jacket"].
2025-10-27T03:03:05+00:00 DEBUG Automattic\WooCommerce\GoogleListingsAndAds\Product\WCProductAdapter::map_product_categories Product category (ID: 2869): ["Belt"].
2025-10-27T03:03:05+00:00 DEBUG Automattic\WooCommerce\GoogleListingsAndAds\Product\WCProductAdapter::map_product_categories Product category (ID: 2871): ["Necklace"].
2025-10-27T03:03:05+00:00 DEBUG Automattic\WooCommerce\GoogleListingsAndAds\Product\WCProductAdapter::map_product_categories Product category (ID: 2873): ["Full Body"].
2025-10-27T03:03:05+00:00 DEBUG Automattic\WooCommerce\GoogleListingsAndAds\Product\WCProductAdapter::map_product_categories Product category (ID: 2875): ["Full Body"].
2025-10-27T03:03:05+00:00 DEBUG Automattic\WooCommerce\GoogleListingsAndAds\Product\WCProductAdapter::map_product_categories Product category (ID: 2877): ["Belt"].
2025-10-27T03:03:05+00:00 DEBUG Automattic\WooCommerce\GoogleListingsAndAds\Product\WCProductAdapter::map_product_categories Product category (ID: 2879): ["Full Body"].
2025-10-27T03:03:05+00:00 DEBUG Automattic\WooCommerce\GoogleListingsAndAds\Product\WCProductAdapter::map_product_categories Product category (ID: 2881): ["Heavy Jacket"].
2025-10-27T03:03:05+00:00 DEBUG Automattic\WooCommerce\GoogleListingsAndAds\Product\WCProductAdapter::map_product_categories Product category (ID: 2883): ["Astin"].
2025-10-27T03:03:05+00:00 DEBUG Automattic\WooCommerce\GoogleListingsAndAds\Product\WCProductAdapter::map_product_categories Product category (ID: 2885): ["Heavy Jacket"].
2025-10-27T03:03:05+00:00 DEBUG Automattic\WooCommerce\GoogleListingsAndAds\Product\WCProductAdapter::map_product_categories Product category (ID: 2887): ["Belt"].
2025-10-27T03:03:05+00:00 DEBUG Automattic\WooCommerce\GoogleListingsAndAds\Product\WCProductAdapter::map_product_categories Product category (ID: 2889): ["Full Body"].
2025-10-27T03:03:05+00:00 DEBUG Automattic\WooCommerce\GoogleListingsAndAds\Product\WCProductAdapter::map_product_categories Product category (ID: 2891): ["Belt"].
2025-10-27T03:03:05+00:00 DEBUG Automattic\WooCommerce\GoogleListingsAndAds\Product\WCProductAdapter::map_product_categories Product category (ID: 2893): ["Belt"].
2025-10-27T03:03:05+00:00 DEBUG Automattic\WooCommerce\GoogleListingsAndAds\Product\WCProductAdapter::map_product_categories Product category (ID: 2895): ["Belt"].
2025-10-27T03:03:05+00:00 DEBUG Automattic\WooCommerce\GoogleListingsAndAds\Product\WCProductAdapter::map_product_categories Product category (ID: 2897): ["Full Body"].
2025-10-27T03:03:05+00:00 DEBUG Automattic\WooCommerce\GoogleListingsAndAds\Product\WCProductAdapter::map_product_categories Product category (ID: 2899): ["Full Body"].
2025-10-27T03:03:05+00:00 DEBUG Automattic\WooCommerce\GoogleListingsAndAds\Product\WCProductAdapter::map_product_categories Product category (ID: 2901): ["Belt"].
2025-10-27T03:03:05+00:00 DEBUG Automattic\WooCommerce\GoogleListingsAndAds\Product\WCProductAdapter::map_product_categories Product category (ID: 2903): ["Jal"].
2025-10-27T03:03:05+00:00 DEBUG Automattic\WooCommerce\GoogleListingsAndAds\Product\WCProductAdapter::map_product_categories Product category (ID: 2905): ["Sleeveless"].
2025-10-27T03:03:05+00:00 DEBUG Automattic\WooCommerce\GoogleListingsAndAds\Product\WCProductAdapter::map_product_categories Product category (ID: 2907): ["Belt"].
2025-10-27T03:03:05+00:00 DEBUG Automattic\WooCommerce\GoogleListingsAndAds\Product\WCProductAdapter::map_product_categories Product category (ID: 2909): ["Jal"].
2025-10-27T03:03:05+00:00 DEBUG Automattic\WooCommerce\GoogleListingsAndAds\Product\WCProductAdapter::map_product_categories Product category (ID: 2911): ["Sleeveless"].
2025-10-27T03:03:05+00:00 DEBUG Automattic\WooCommerce\GoogleListingsAndAds\Product\WCProductAdapter::map_product_categories Product category (ID: 2913): ["Belt"].
2025-10-27T03:03:05+00:00 DEBUG Automattic\WooCommerce\GoogleListingsAndAds\Product\WCProductAdapter::map_product_categories Product category (ID: 2915): ["Jal"].
2025-10-27T03:03:05+00:00 DEBUG Automattic\WooCommerce\GoogleListingsAndAds\Product\WCProductAdapter::map_product_categories Product category (ID: 2917): ["Sleeveless"].
2025-10-27T03:03:05+00:00 DEBUG Automattic\WooCommerce\GoogleListingsAndAds\Product\WCProductAdapter::map_product_categories Product category (ID: 2919): ["Jal"].
2025-10-27T03:03:05+00:00 DEBUG Automattic\WooCommerce\GoogleListingsAndAds\Product\WCProductAdapter::map_product_categories Product category (ID: 2921): ["Belt"].
2025-10-27T03:03:05+00:00 DEBUG Automattic\WooCommerce\GoogleListingsAndAds\Product\WCProductAdapter::map_product_categories Product category (ID: 2923): ["Kali"].
2025-10-27T03:03:05+00:00 DEBUG Automattic\WooCommerce\GoogleListingsAndAds\Product\WCProductAdapter::map_product_categories Product category (ID: 2925): ["Kali"].
2025-10-27T03:03:05+00:00 DEBUG Automattic\WooCommerce\GoogleListingsAndAds\Product\WCProductAdapter::map_product_categories Product category (ID: 2927): ["Kurti"].
2025-10-27T03:03:05+00:00 DEBUG Automattic\WooCommerce\GoogleListingsAndAds\Product\WCProductAdapter::map_product_categories Product category (ID: 2929): ["Aliya"].
2025-10-27T03:03:05+00:00 DEBUG Automattic\WooCommerce\GoogleListingsAndAds\Product\WCProductAdapter::map_product_categories Product category (ID: 2931): ["Cut"].
2025-10-27T03:03:05+00:00 DEBUG Automattic\WooCommerce\GoogleListingsAndAds\Product\WCProductAdapter::map_product_categories Product category (ID: 2933): ["Belt"].
2025-10-27T03:03:05+00:00 DEBUG Automattic\WooCommerce\GoogleListingsAndAds\Product\WCProductAdapter::map_product_categories Product category (ID: 2935): ["Cut"].
2025-10-27T03:03:05+00:00 DEBUG Automattic\WooCommerce\GoogleListingsAndAds\Product\WCProductAdapter::map_product_categories Product category (ID: 2937): ["Cut"].
2025-10-27T03:03:05+00:00 DEBUG Automattic\WooCommerce\GoogleListingsAndAds\Product\WCProductAdapter::map_product_categories Product category (ID: 2939): ["Belt"].
2025-10-27T03:03:05+00:00 DEBUG Automattic\WooCommerce\GoogleListingsAndAds\Product\WCProductAdapter::map_product_categories Product category (ID: 2941): ["Belt"].
2025-10-27T03:03:05+00:00 DEBUG Automattic\WooCommerce\GoogleListingsAndAds\Product\WCProductAdapter::map_product_categories Product category (ID: 2943): ["Belt"].
2025-10-27T03:03:05+00:00 DEBUG Automattic\WooCommerce\GoogleListingsAndAds\Product\WCProductAdapter::map_product_categories Product category (ID: 2945): ["Sleeveless"].
2025-10-27T03:03:05+00:00 DEBUG Automattic\WooCommerce\GoogleListingsAndAds\Product\WCProductAdapter::map_product_categories Product category (ID: 2947): ["Cut"].
2025-10-27T03:03:05+00:00 DEBUG Automattic\WooCommerce\GoogleListingsAndAds\Product\WCProductAdapter::map_product_categories Product category (ID: 2949): ["Fancy Kurti"].
2025-10-27T03:03:05+00:00 DEBUG Automattic\WooCommerce\GoogleListingsAndAds\Product\WCProductAdapter::map_product_categories Product category (ID: 2951): ["Astin"].
2025-10-27T03:03:05+00:00 DEBUG Automattic\WooCommerce\GoogleListingsAndAds\Product\WCProductAdapter::map_product_categories Product category (ID: 2953): ["Jacket"].
2025-10-27T03:03:05+00:00 DEBUG Automattic\WooCommerce\GoogleListingsAndAds\Product\WCProductAdapter::map_product_categories Product category (ID: 2955): ["Belt"].
2025-10-27T03:03:05+00:00 DEBUG Automattic\WooCommerce\GoogleListingsAndAds\Product\WCProductAdapter::map_product_categories Product category (ID: 2957): ["Belt"].
2025-10-27T03:03:05+00:00 DEBUG Automattic\WooCommerce\GoogleListingsAndAds\Product\WCProductAdapter::map_product_categories Product category (ID: 2959): ["FREE"].
2025-10-27T03:03:05+00:00 DEBUG Automattic\WooCommerce\GoogleListingsAndAds\Product\WCProductAdapter::map_product_categories Product category (ID: 2961): ["Full Body"].
2025-10-27T03:03:05+00:00 DEBUG Automattic\WooCommerce\GoogleListingsAndAds\Product\WCProductAdapter::map_product_categories Product category (ID: 2963): ["Sleeveless"].
2025-10-27T03:03:05+00:00 DEBUG Automattic\WooCommerce\GoogleListingsAndAds\Product\WCProductAdapter::map_product_categories Product category (ID: 2965): ["Sleeveless"].
2025-10-27T03:03:05+00:00 DEBUG Automattic\WooCommerce\GoogleListingsAndAds\Product\WCProductAdapter::map_product_categories Product category (ID: 2967): ["Full Body"].
2025-10-27T03:03:05+00:00 DEBUG Automattic\WooCommerce\GoogleListingsAndAds\Product\WCProductAdapter::map_product_categories Product category (ID: 2969): ["Aliya"].
2025-10-27T03:03:05+00:00 DEBUG Automattic\WooCommerce\GoogleListingsAndAds\Product\WCProductAdapter::map_product_categories Product category (ID: 2973): ["Sleeveless"].
2025-10-27T03:03:05+00:00 DEBUG Automattic\WooCommerce\GoogleListingsAndAds\Product\WCProductAdapter::map_product_categories Product category (ID: 2975): ["Belt"].
2025-10-27T03:03:05+00:00 DEBUG Automattic\WooCommerce\GoogleListingsAndAds\Product\WCProductAdapter::map_product_categories Product category (ID: 2977): ["Full Body"].
2025-10-27T03:03:05+00:00 DEBUG Automattic\WooCommerce\GoogleListingsAndAds\Product\WCProductAdapter::map_product_categories Product category (ID: 2979): ["Jacket"].
2025-10-27T03:03:05+00:00 DEBUG Automattic\WooCommerce\GoogleListingsAndAds\Product\WCProductAdapter::map_product_categories Product category (ID: 2981): ["All Over"].
2025-10-27T03:03:05+00:00 DEBUG Automattic\WooCommerce\GoogleListingsAndAds\Product\WCProductAdapter::map_product_categories Product category (ID: 2983): ["Astin"].
2025-10-27T03:03:05+00:00 DEBUG Automattic\WooCommerce\GoogleListingsAndAds\Product\WCProductAdapter::map_product_categories Product category (ID: 2985): ["Belt"].
2025-10-27T03:03:05+00:00 DEBUG Automattic\WooCommerce\GoogleListingsAndAds\Product\WCProductAdapter::map_product_categories Product category (ID: 2987): ["Full Body"].
2025-10-27T03:03:05+00:00 DEBUG Automattic\WooCommerce\GoogleListingsAndAds\Product\WCProductAdapter::map_product_categories Product category (ID: 2989): ["Belt"].
2025-10-27T03:03:05+00:00 DEBUG Automattic\WooCommerce\GoogleListingsAndAds\Product\WCProductAdapter::map_product_categories Product category (ID: 2991): ["Jacket"].
2025-10-27T03:03:05+00:00 DEBUG Automattic\WooCommerce\GoogleListingsAndAds\Product\WCProductAdapter::map_product_categories Product category (ID: 2993): ["All Over"].
2025-10-27T03:03:05+00:00 DEBUG Automattic\WooCommerce\GoogleListingsAndAds\Product\WCProductAdapter::map_product_categories Product category (ID: 2995): ["Full Body"].
2025-10-27T03:03:05+00:00 DEBUG Automattic\WooCommerce\GoogleListingsAndAds\Product\WCProductAdapter::map_product_categories Product category (ID: 2997): ["Astin"].
2025-10-27T03:03:05+00:00 DEBUG Automattic\WooCommerce\GoogleListingsAndAds\Product\WCProductAdapter::map_product_categories Product category (ID: 2999): ["Necklace"].
2025-10-27T03:03:05+00:00 DEBUG Automattic\WooCommerce\GoogleListingsAndAds\Product\WCProductAdapter::map_product_categories Product category (ID: 3001): ["Necklace"].
2025-10-27T03:03:05+00:00 DEBUG Automattic\WooCommerce\GoogleListingsAndAds\Product\WCProductAdapter::map_product_categories Product category (ID: 3003): ["Jal"].
2025-10-27T03:03:05+00:00 DEBUG Automattic\WooCommerce\GoogleListingsAndAds\Product\WCProductAdapter::map_product_categories Product category (ID: 3005): ["Necklace"].
2025-10-27T03:03:05+00:00 DEBUG Automattic\WooCommerce\GoogleListingsAndAds\Product\WCProductAdapter::map_product_categories Product category (ID: 3007): ["Jal"].
2025-10-27T03:03:05+00:00 DEBUG Automattic\WooCommerce\GoogleListingsAndAds\Product\WCProductAdapter::map_product_categories Product category (ID: 3153): ["Kurti"].
2025-10-27T03:03:05+00:00 DEBUG Automattic\WooCommerce\GoogleListingsAndAds\Product\WCProductAdapter::map_product_categories Product category (ID: 3155): ["Belt"].
2025-10-27T03:03:05+00:00 DEBUG Automattic\WooCommerce\GoogleListingsAndAds\Product\WCProductAdapter::map_product_categories Product category (ID: 3157): ["Belt"].
2025-10-27T03:03:07+00:00 DEBUG Automattic\WooCommerce\GoogleListingsAndAds\Product\ProductSyncer::update_by_batch_requests Submitted 100 products:
[{"woocommerce_id":2809,"google_id":"online:en:IN:gla_2809"},{"woocommerce_id":2811,"google_id":"online:en:IN:gla_2811"},{"woocommerce_id":2813,"google_id":"online:en:IN:gla_2813"},{"woocommerce_id":2815,"google_id":"online:en:IN:gla_2815"},{"woocommerce_id":2817,"google_id":"online:en:IN:gla_2817"},{"woocommerce_id":2819,"google_id":"online:en:IN:gla_2819"},{"woocommerce_id":2821,"google_id":"online:en:IN:gla_2821"},{"woocommerce_id":2823,"google_id":"online:en:IN:gla_2823"},{"woocommerce_id":2825,"google_id":"online:en:IN:gla_2825"},{"woocommerce_id":2829,"google_id":"online:en:IN:gla_2829"},{"woocommerce_id":2831,"google_id":"online:en:IN:gla_2831"},{"woocommerce_id":2835,"google_id":"online:en:IN:gla_2835"},{"woocommerce_id":2837,"google_id":"online:en:IN:gla_2837"},{"woocommerce_id":2839,"google_id":"online:en:IN:gla_2839"},{"woocommerce_id":2841,"google_id":"online:en:IN:gla_2841"},{"woocommerce_id":2843,"google_id":"online:en:IN:gla_2843"},{"woocommerce_id":2845,"google_id":"online:en:IN:gla_2845"},{"woocommerce_id":2847,"google_id":"online:en:IN:gla_2847"},{"woocommerce_id":2849,"google_id":"online:en:IN:gla_2849"},{"woocommerce_id":2851,"google_id":"online:en:IN:gla_2851"},{"woocommerce_id":2853,"google_id":"online:en:IN:gla_2853"},{"woocommerce_id":2855,"google_id":"online:en:IN:gla_2855"},{"woocommerce_id":2857,"google_id":"online:en:IN:gla_2857"},{"woocommerce_id":2859,"google_id":"online:en:IN:gla_2859"},{"woocommerce_id":2861,"google_id":"online:en:IN:gla_2861"},{"woocommerce_id":2863,"google_id":"online:en:IN:gla_2863"},{"woocommerce_id":2865,"google_id":"online:en:IN:gla_2865"},{"woocommerce_id":2867,"google_id":"online:en:IN:gla_2867"},{"woocommerce_id":2869,"google_id":"online:en:IN:gla_2869"},{"woocommerce_id":2871,"google_id":"online:en:IN:gla_2871"},{"woocommerce_id":2873,"google_id":"online:en:IN:gla_2873"},{"woocommerce_id":2875,"google_id":"online:en:IN:gla_2875"},{"woocommerce_id":2877,"google_id":"online:en:IN:gla_2877"},{"woocommerce_id":2879,"google_id":"online:en:IN:gla_2879"},{"woocommerce_id":2881,"google_id":"online:en:IN:gla_2881"},{"woocommerce_id":2883,"google_id":"online:en:IN:gla_2883"},{"woocommerce_id":2885,"google_id":"online:en:IN:gla_2885"},{"woocommerce_id":2887,"google_id":"online:en:IN:gla_2887"},{"woocommerce_id":2889,"google_id":"online:en:IN:gla_2889"},{"woocommerce_id":2891,"google_id":"online:en:IN:gla_2891"},{"woocommerce_id":2893,"google_id":"online:en:IN:gla_2893"},{"woocommerce_id":2895,"google_id":"online:en:IN:gla_2895"},{"woocommerce_id":2897,"google_id":"online:en:IN:gla_2897"},{"woocommerce_id":2899,"google_id":"online:en:IN:gla_2899"},{"woocommerce_id":2901,"google_id":"online:en:IN:gla_2901"},{"woocommerce_id":2903,"google_id":"online:en:IN:gla_2903"},{"woocommerce_id":2905,"google_id":"online:en:IN:gla_2905"},{"woocommerce_id":2907,"google_id":"online:en:IN:gla_2907"},{"woocommerce_id":2909,"google_id":"online:en:IN:gla_2909"},{"woocommerce_id":2911,"google_id":"online:en:IN:gla_2911"},{"woocommerce_id":2913,"google_id":"online:en:IN:gla_2913"},{"woocommerce_id":2915,"google_id":"online:en:IN:gla_2915"},{"woocommerce_id":2917,"google_id":"online:en:IN:gla_2917"},{"woocommerce_id":2919,"google_id":"online:en:IN:gla_2919"},{"woocommerce_id":2921,"google_id":"online:en:IN:gla_2921"},{"woocommerce_id":2923,"google_id":"online:en:IN:gla_2923"},{"woocommerce_id":2925,"google_id":"online:en:IN:gla_2925"},{"woocommerce_id":2927,"google_id":"online:en:IN:gla_2927"},{"woocommerce_id":2929,"google_id":"online:en:IN:gla_2929"},{"woocommerce_id":2931,"google_id":"online:en:IN:gla_2931"},{"woocommerce_id":2933,"google_id":"online:en:IN:gla_2933"},{"woocommerce_id":2935,"google_id":"online:en:IN:gla_2935"},{"woocommerce_id":2937,"google_id":"online:en:IN:gla_2937"},{"woocommerce_id":2939,"google_id":"online:en:IN:gla_2939"},{"woocommerce_id":2941,"google_id":"online:en:IN:gla_2941"},{"woocommerce_id":2943,"google_id":"online:en:IN:gla_2943"},{"woocommerce_id":2945,"google_id":"online:en:IN:gla_2945"},{"woocommerce_id":2947,"google_id":"online:en:IN:gla_2947"},{"woocommerce_id":2949,"google_id":"online:en:IN:gla_2949"},{"woocommerce_id":2951,"google_id":"online:en:IN:gla_2951"},{"woocommerce_id":2953,"google_id":"online:en:IN:gla_2953"},{"woocommerce_id":2955,"google_id":"online:en:IN:gla_2955"},{"woocommerce_id":2957,"google_id":"online:en:IN:gla_2957"},{"woocommerce_id":2959,"google_id":"online:en:IN:gla_2959"},{"woocommerce_id":2961,"google_id":"online:en:IN:gla_2961"},{"woocommerce_id":2963,"google_id":"online:en:IN:gla_2963"},{"woocommerce_id":2965,"google_id":"online:en:IN:gla_2965"},{"woocommerce_id":2967,"google_id":"online:en:IN:gla_2967"},{"woocommerce_id":2969,"google_id":"online:en:IN:gla_2969"},{"woocommerce_id":2973,"google_id":"online:en:IN:gla_2973"},{"woocommerce_id":2975,"google_id":"online:en:IN:gla_2975"},{"woocommerce_id":2977,"google_id":"online:en:IN:gla_2977"},{"woocommerce_id":2979,"google_id":"online:en:IN:gla_2979"},{"woocommerce_id":2981,"google_id":"online:en:IN:gla_2981"},{"woocommerce_id":2983,"google_id":"online:en:IN:gla_2983"},{"woocommerce_id":2985,"google_id":"online:en:IN:gla_2985"},{"woocommerce_id":2987,"google_id":"online:en:IN:gla_2987"},{"woocommerce_id":2989,"google_id":"online:en:IN:gla_2989"},{"woocommerce_id":2991,"google_id":"online:en:IN:gla_2991"},{"woocommerce_id":2993,"google_id":"online:en:IN:gla_2993"},{"woocommerce_id":2995,"google_id":"online:en:IN:gla_2995"},{"woocommerce_id":2997,"google_id":"online:en:IN:gla_2997"},{"woocommerce_id":2999,"google_id":"online:en:IN:gla_2999"},{"woocommerce_id":3001,"google_id":"online:en:IN:gla_3001"},{"woocommerce_id":3003,"google_id":"online:en:IN:gla_3003"},{"woocommerce_id":3005,"google_id":"online:en:IN:gla_3005"},{"woocommerce_id":3007,"google_id":"online:en:IN:gla_3007"},{"woocommerce_id":3153,"google_id":"online:en:IN:gla_3153"},{"woocommerce_id":3155,"google_id":"online:en:IN:gla_3155"},{"woocommerce_id":3157,"google_id":"online:en:IN:gla_3157"}]
