2025-10-23T03:01:15+00:00 DEBUG Automattic\WooCommerce\GoogleListingsAndAds\Product\WCProductAdapter::map_product_categories Product category (ID: 3177): ["Heavy Jacket"].
2025-10-23T03:01:15+00:00 DEBUG Automattic\WooCommerce\GoogleListingsAndAds\Product\WCProductAdapter::map_product_categories Product category (ID: 3179): ["Heavy Jacket"].
2025-10-23T03:01:15+00:00 DEBUG Automattic\WooCommerce\GoogleListingsAndAds\Product\WCProductAdapter::map_product_categories Product category (ID: 3181): ["Kali"].
2025-10-23T03:01:15+00:00 DEBUG Automattic\WooCommerce\GoogleListingsAndAds\Product\WCProductAdapter::map_product_categories Product category (ID: 3183): ["Kali"].
2025-10-23T03:01:15+00:00 DEBUG Automattic\WooCommerce\GoogleListingsAndAds\Product\WCProductAdapter::map_product_categories Product category (ID: 3185): ["All Over"].
2025-10-23T03:01:15+00:00 DEBUG Automattic\WooCommerce\GoogleListingsAndAds\Product\WCProductAdapter::map_product_categories Product category (ID: 3187): ["Belt"].
2025-10-23T03:01:15+00:00 DEBUG Automattic\WooCommerce\GoogleListingsAndAds\Product\WCProductAdapter::map_product_categories Product category (ID: 3189): ["Belt"].
2025-10-23T03:01:15+00:00 DEBUG Automattic\WooCommerce\GoogleListingsAndAds\Product\WCProductAdapter::map_product_categories Product category (ID: 3193): ["Belt"].
2025-10-23T03:01:15+00:00 DEBUG Automattic\WooCommerce\GoogleListingsAndAds\Product\WCProductAdapter::map_product_categories Product category (ID: 3195): ["Belt"].
2025-10-23T03:01:15+00:00 DEBUG Automattic\WooCommerce\GoogleListingsAndAds\Product\WCProductAdapter::map_product_categories Product category (ID: 3197): ["Belt"].
2025-10-23T03:01:15+00:00 DEBUG Automattic\WooCommerce\GoogleListingsAndAds\Product\WCProductAdapter::map_product_categories Product category (ID: 3199): ["Belt"].
2025-10-23T03:01:15+00:00 DEBUG Automattic\WooCommerce\GoogleListingsAndAds\Product\WCProductAdapter::map_product_categories Product category (ID: 3203): ["Jal"].
2025-10-23T03:01:15+00:00 DEBUG Automattic\WooCommerce\GoogleListingsAndAds\Product\WCProductAdapter::map_product_categories Product category (ID: 3205): ["Hheavy Jaal"].
2025-10-23T03:01:15+00:00 DEBUG Automattic\WooCommerce\GoogleListingsAndAds\Product\WCProductAdapter::map_product_categories Product category (ID: 3207): ["Full Body"].
2025-10-23T03:01:15+00:00 DEBUG Automattic\WooCommerce\GoogleListingsAndAds\Product\WCProductAdapter::map_product_categories Product category (ID: 3209): ["All Over"].
2025-10-23T03:01:15+00:00 DEBUG Automattic\WooCommerce\GoogleListingsAndAds\Product\WCProductAdapter::map_product_categories Product category (ID: 3211): ["All Over"].
2025-10-23T03:01:15+00:00 DEBUG Automattic\WooCommerce\GoogleListingsAndAds\Product\WCProductAdapter::map_product_categories Product category (ID: 3213): ["Belt"].
2025-10-23T03:01:15+00:00 DEBUG Automattic\WooCommerce\GoogleListingsAndAds\Product\WCProductAdapter::map_product_categories Product category (ID: 3215): ["All Over"].
2025-10-23T03:01:15+00:00 DEBUG Automattic\WooCommerce\GoogleListingsAndAds\Product\WCProductAdapter::map_product_categories Product category (ID: 3217): ["All Over"].
2025-10-23T03:01:15+00:00 DEBUG Automattic\WooCommerce\GoogleListingsAndAds\Product\WCProductAdapter::map_product_categories Product category (ID: 3219): ["All Over"].
2025-10-23T03:01:15+00:00 DEBUG Automattic\WooCommerce\GoogleListingsAndAds\Product\WCProductAdapter::map_product_categories Product category (ID: 3221): ["All Over"].
2025-10-23T03:01:15+00:00 DEBUG Automattic\WooCommerce\GoogleListingsAndAds\Product\WCProductAdapter::map_product_categories Product category (ID: 3223): ["All Over"].
2025-10-23T03:01:15+00:00 DEBUG Automattic\WooCommerce\GoogleListingsAndAds\Product\WCProductAdapter::map_product_categories Product category (ID: 3225): ["Jal"].
2025-10-23T03:01:15+00:00 DEBUG Automattic\WooCommerce\GoogleListingsAndAds\Product\WCProductAdapter::map_product_categories Product category (ID: 3227): ["Jal"].
2025-10-23T03:01:15+00:00 DEBUG Automattic\WooCommerce\GoogleListingsAndAds\Product\WCProductAdapter::map_product_categories Product category (ID: 3229): ["Full Body"].
2025-10-23T03:01:15+00:00 DEBUG Automattic\WooCommerce\GoogleListingsAndAds\Product\WCProductAdapter::map_product_categories Product category (ID: 3231): ["Belt"].
2025-10-23T03:01:15+00:00 DEBUG Automattic\WooCommerce\GoogleListingsAndAds\Product\WCProductAdapter::map_product_categories Product category (ID: 3233): ["Belt"].
2025-10-23T03:01:15+00:00 DEBUG Automattic\WooCommerce\GoogleListingsAndAds\Product\WCProductAdapter::map_product_categories Product category (ID: 3239): ["Belt"].
2025-10-23T03:01:15+00:00 DEBUG Automattic\WooCommerce\GoogleListingsAndAds\Product\WCProductAdapter::map_product_categories Product category (ID: 3241): ["Jal"].
2025-10-23T03:01:15+00:00 DEBUG Automattic\WooCommerce\GoogleListingsAndAds\Product\WCProductAdapter::map_product_categories Product category (ID: 3243): ["Buta"].
2025-10-23T03:01:15+00:00 DEBUG Automattic\WooCommerce\GoogleListingsAndAds\Product\WCProductAdapter::map_product_categories Product category (ID: 3245): ["Full Body"].
2025-10-23T03:01:15+00:00 DEBUG Automattic\WooCommerce\GoogleListingsAndAds\Product\WCProductAdapter::map_product_categories Product category (ID: 3247): ["Belt"].
2025-10-23T03:01:15+00:00 DEBUG Automattic\WooCommerce\GoogleListingsAndAds\Product\WCProductAdapter::map_product_categories Product category (ID: 3253): ["Belt"].
2025-10-23T03:01:15+00:00 DEBUG Automattic\WooCommerce\GoogleListingsAndAds\Product\WCProductAdapter::map_product_categories Product category (ID: 3255): ["Belt"].
2025-10-23T03:01:15+00:00 DEBUG Automattic\WooCommerce\GoogleListingsAndAds\Product\WCProductAdapter::map_product_categories Product category (ID: 3257): ["Belt"].
2025-10-23T03:01:15+00:00 DEBUG Automattic\WooCommerce\GoogleListingsAndAds\Product\WCProductAdapter::map_product_categories Product category (ID: 3259): ["Jal"].
2025-10-23T03:01:15+00:00 DEBUG Automattic\WooCommerce\GoogleListingsAndAds\Product\WCProductAdapter::map_product_categories Product category (ID: 3261): ["Full Body"].
2025-10-23T03:01:15+00:00 DEBUG Automattic\WooCommerce\GoogleListingsAndAds\Product\WCProductAdapter::map_product_categories Product category (ID: 3265): ["Full Body"].
2025-10-23T03:01:15+00:00 DEBUG Automattic\WooCommerce\GoogleListingsAndAds\Product\WCProductAdapter::map_product_categories Product category (ID: 3269): ["Jacket"].
2025-10-23T03:01:15+00:00 DEBUG Automattic\WooCommerce\GoogleListingsAndAds\Product\WCProductAdapter::map_product_categories Product category (ID: 3271): ["Belt"].
2025-10-23T03:01:15+00:00 DEBUG Automattic\WooCommerce\GoogleListingsAndAds\Product\WCProductAdapter::map_product_categories Product category (ID: 3273): ["Belt"].
2025-10-23T03:01:15+00:00 DEBUG Automattic\WooCommerce\GoogleListingsAndAds\Product\WCProductAdapter::map_product_categories Product category (ID: 3275): ["Full Body"].
2025-10-23T03:01:15+00:00 DEBUG Automattic\WooCommerce\GoogleListingsAndAds\Product\WCProductAdapter::map_product_categories Product category (ID: 3277): ["Heavy Jacket"].
2025-10-23T03:01:15+00:00 DEBUG Automattic\WooCommerce\GoogleListingsAndAds\Product\WCProductAdapter::map_product_categories Product category (ID: 3279): ["All Over"].
2025-10-23T03:01:15+00:00 DEBUG Automattic\WooCommerce\GoogleListingsAndAds\Product\WCProductAdapter::map_product_categories Product category (ID: 3281): ["Belt"].
2025-10-23T03:01:15+00:00 DEBUG Automattic\WooCommerce\GoogleListingsAndAds\Product\WCProductAdapter::map_product_categories Product category (ID: 3283): ["Full Body"].
2025-10-23T03:01:15+00:00 DEBUG Automattic\WooCommerce\GoogleListingsAndAds\Product\WCProductAdapter::map_product_categories Product category (ID: 3285): ["Belt"].
2025-10-23T03:01:15+00:00 DEBUG Automattic\WooCommerce\GoogleListingsAndAds\Product\WCProductAdapter::map_product_categories Product category (ID: 3287): ["All Over"].
2025-10-23T03:01:15+00:00 DEBUG Automattic\WooCommerce\GoogleListingsAndAds\Product\WCProductAdapter::map_product_categories Product category (ID: 3289): ["Full Body"].
2025-10-23T03:01:15+00:00 DEBUG Automattic\WooCommerce\GoogleListingsAndAds\Product\WCProductAdapter::map_product_categories Product category (ID: 3291): ["Heavy Jacket"].
2025-10-23T03:01:15+00:00 DEBUG Automattic\WooCommerce\GoogleListingsAndAds\Product\WCProductAdapter::map_product_categories Product category (ID: 3293): ["All Over"].
2025-10-23T03:01:15+00:00 DEBUG Automattic\WooCommerce\GoogleListingsAndAds\Product\WCProductAdapter::map_product_categories Product category (ID: 3295): ["All Over"].
2025-10-23T03:01:15+00:00 DEBUG Automattic\WooCommerce\GoogleListingsAndAds\Product\WCProductAdapter::map_product_categories Product category (ID: 3297): ["Belt"].
2025-10-23T03:01:15+00:00 DEBUG Automattic\WooCommerce\GoogleListingsAndAds\Product\WCProductAdapter::map_product_categories Product category (ID: 3299): ["Kali"].
2025-10-23T03:01:15+00:00 DEBUG Automattic\WooCommerce\GoogleListingsAndAds\Product\WCProductAdapter::map_product_categories Product category (ID: 3301): ["Full Body"].
2025-10-23T03:01:15+00:00 DEBUG Automattic\WooCommerce\GoogleListingsAndAds\Product\WCProductAdapter::map_product_categories Product category (ID: 3303): ["Jal"].
2025-10-23T03:01:15+00:00 DEBUG Automattic\WooCommerce\GoogleListingsAndAds\Product\WCProductAdapter::map_product_categories Product category (ID: 3305): ["Heavy Jacket"].
2025-10-23T03:01:15+00:00 DEBUG Automattic\WooCommerce\GoogleListingsAndAds\Product\WCProductAdapter::map_product_categories Product category (ID: 3307): ["Kali"].
2025-10-23T03:01:15+00:00 DEBUG Automattic\WooCommerce\GoogleListingsAndAds\Product\WCProductAdapter::map_product_categories Product category (ID: 3309): ["All Over"].
2025-10-23T03:01:15+00:00 DEBUG Automattic\WooCommerce\GoogleListingsAndAds\Product\WCProductAdapter::map_product_categories Product category (ID: 3311): ["Full Body"].
2025-10-23T03:01:15+00:00 DEBUG Automattic\WooCommerce\GoogleListingsAndAds\Product\WCProductAdapter::map_product_categories Product category (ID: 3313): ["Belt"].
2025-10-23T03:01:15+00:00 DEBUG Automattic\WooCommerce\GoogleListingsAndAds\Product\WCProductAdapter::map_product_categories Product category (ID: 3315): ["All Over"].
2025-10-23T03:01:15+00:00 DEBUG Automattic\WooCommerce\GoogleListingsAndAds\Product\WCProductAdapter::map_product_categories Product category (ID: 3317): ["Astin"].
2025-10-23T03:01:15+00:00 DEBUG Automattic\WooCommerce\GoogleListingsAndAds\Product\WCProductAdapter::map_product_categories Product category (ID: 3319): ["Full Body"].
2025-10-23T03:01:15+00:00 DEBUG Automattic\WooCommerce\GoogleListingsAndAds\Product\WCProductAdapter::map_product_categories Product category (ID: 3329): ["All Over"].
2025-10-23T03:01:15+00:00 DEBUG Automattic\WooCommerce\GoogleListingsAndAds\Product\WCProductAdapter::map_product_categories Product category (ID: 3331): ["Heavy Jacket"].
2025-10-23T03:01:15+00:00 DEBUG Automattic\WooCommerce\GoogleListingsAndAds\Product\WCProductAdapter::map_product_categories Product category (ID: 3333): ["All Over"].
2025-10-23T03:01:15+00:00 DEBUG Automattic\WooCommerce\GoogleListingsAndAds\Product\WCProductAdapter::map_product_categories Product category (ID: 3335): ["All Over"].
2025-10-23T03:01:15+00:00 DEBUG Automattic\WooCommerce\GoogleListingsAndAds\Product\WCProductAdapter::map_product_categories Product category (ID: 3339): ["Kali"].
2025-10-23T03:01:15+00:00 DEBUG Automattic\WooCommerce\GoogleListingsAndAds\Product\WCProductAdapter::map_product_categories Product category (ID: 3341): ["Kali"].
2025-10-23T03:01:15+00:00 DEBUG Automattic\WooCommerce\GoogleListingsAndAds\Product\WCProductAdapter::map_product_categories Product category (ID: 3345): ["Full Body"].
2025-10-23T03:01:15+00:00 DEBUG Automattic\WooCommerce\GoogleListingsAndAds\Product\WCProductAdapter::map_product_categories Product category (ID: 3347): ["All Over"].
2025-10-23T03:01:15+00:00 DEBUG Automattic\WooCommerce\GoogleListingsAndAds\Product\WCProductAdapter::map_product_categories Product category (ID: 3349): ["Full Body"].
2025-10-23T03:01:15+00:00 DEBUG Automattic\WooCommerce\GoogleListingsAndAds\Product\WCProductAdapter::map_product_categories Product category (ID: 3351): ["Astin"].
2025-10-23T03:01:15+00:00 DEBUG Automattic\WooCommerce\GoogleListingsAndAds\Product\WCProductAdapter::map_product_categories Product category (ID: 3353): ["Belt"].
2025-10-23T03:01:15+00:00 DEBUG Automattic\WooCommerce\GoogleListingsAndAds\Product\WCProductAdapter::map_product_categories Product category (ID: 3357): ["Full Body"].
2025-10-23T03:01:15+00:00 DEBUG Automattic\WooCommerce\GoogleListingsAndAds\Product\WCProductAdapter::map_product_categories Product category (ID: 3359): ["All Over"].
2025-10-23T03:01:15+00:00 DEBUG Automattic\WooCommerce\GoogleListingsAndAds\Product\WCProductAdapter::map_product_categories Product category (ID: 3361): ["Belt"].
2025-10-23T03:01:15+00:00 DEBUG Automattic\WooCommerce\GoogleListingsAndAds\Product\WCProductAdapter::map_product_categories Product category (ID: 3363): ["Full Body"].
2025-10-23T03:01:15+00:00 DEBUG Automattic\WooCommerce\GoogleListingsAndAds\Product\WCProductAdapter::map_product_categories Product category (ID: 3365): ["Full Body"].
2025-10-23T03:01:15+00:00 DEBUG Automattic\WooCommerce\GoogleListingsAndAds\Product\WCProductAdapter::map_product_categories Product category (ID: 3367): ["Kali"].
2025-10-23T03:01:15+00:00 DEBUG Automattic\WooCommerce\GoogleListingsAndAds\Product\WCProductAdapter::map_product_categories Product category (ID: 3369): ["Full Body"].
2025-10-23T03:01:15+00:00 DEBUG Automattic\WooCommerce\GoogleListingsAndAds\Product\WCProductAdapter::map_product_categories Product category (ID: 3371): ["All Over"].
2025-10-23T03:01:15+00:00 DEBUG Automattic\WooCommerce\GoogleListingsAndAds\Product\WCProductAdapter::map_product_categories Product category (ID: 3373): ["Jal"].
2025-10-23T03:01:15+00:00 DEBUG Automattic\WooCommerce\GoogleListingsAndAds\Product\WCProductAdapter::map_product_categories Product category (ID: 3375): ["Belt"].
2025-10-23T03:01:15+00:00 DEBUG Automattic\WooCommerce\GoogleListingsAndAds\Product\WCProductAdapter::map_product_categories Product category (ID: 3379): ["Kali"].
2025-10-23T03:01:15+00:00 DEBUG Automattic\WooCommerce\GoogleListingsAndAds\Product\WCProductAdapter::map_product_categories Product category (ID: 3381): ["Full Body"].
2025-10-23T03:01:15+00:00 DEBUG Automattic\WooCommerce\GoogleListingsAndAds\Product\WCProductAdapter::map_product_categories Product category (ID: 3383): ["Astin"].
2025-10-23T03:01:15+00:00 DEBUG Automattic\WooCommerce\GoogleListingsAndAds\Product\WCProductAdapter::map_product_categories Product category (ID: 3385): ["Belt"].
2025-10-23T03:01:15+00:00 DEBUG Automattic\WooCommerce\GoogleListingsAndAds\Product\WCProductAdapter::map_product_categories Product category (ID: 3391): ["Belt"].
2025-10-23T03:01:15+00:00 DEBUG Automattic\WooCommerce\GoogleListingsAndAds\Product\WCProductAdapter::map_product_categories Product category (ID: 3393): ["Full Body"].
2025-10-23T03:01:15+00:00 DEBUG Automattic\WooCommerce\GoogleListingsAndAds\Product\WCProductAdapter::map_product_categories Product category (ID: 3395): ["Belt"].
2025-10-23T03:01:15+00:00 DEBUG Automattic\WooCommerce\GoogleListingsAndAds\Product\WCProductAdapter::map_product_categories Product category (ID: 3397): ["Belt"].
2025-10-23T03:01:15+00:00 DEBUG Automattic\WooCommerce\GoogleListingsAndAds\Product\WCProductAdapter::map_product_categories Product category (ID: 3399): ["Full Body"].
2025-10-23T03:01:15+00:00 DEBUG Automattic\WooCommerce\GoogleListingsAndAds\Product\WCProductAdapter::map_product_categories Product category (ID: 3401): ["Belt"].
2025-10-23T03:01:15+00:00 DEBUG Automattic\WooCommerce\GoogleListingsAndAds\Product\WCProductAdapter::map_product_categories Product category (ID: 3409): ["Belt"].
2025-10-23T03:01:15+00:00 DEBUG Automattic\WooCommerce\GoogleListingsAndAds\Product\WCProductAdapter::map_product_categories Product category (ID: 3411): ["Full Body"].
2025-10-23T03:01:15+00:00 DEBUG Automattic\WooCommerce\GoogleListingsAndAds\Product\WCProductAdapter::map_product_categories Product category (ID: 3413): ["Belt"].
2025-10-23T03:01:15+00:00 DEBUG Automattic\WooCommerce\GoogleListingsAndAds\Product\WCProductAdapter::map_product_categories Product category (ID: 3415): ["Full Body"].
2025-10-23T03:01:15+00:00 DEBUG Automattic\WooCommerce\GoogleListingsAndAds\Product\WCProductAdapter::map_product_categories Product category (ID: 3417): ["All Over"].
2025-10-23T03:01:17+00:00 DEBUG Automattic\WooCommerce\GoogleListingsAndAds\Product\ProductSyncer::update_by_batch_requests Submitted 100 products:
[{"woocommerce_id":3177,"google_id":"online:en:IN:gla_3177"},{"woocommerce_id":3179,"google_id":"online:en:IN:gla_3179"},{"woocommerce_id":3181,"google_id":"online:en:IN:gla_3181"},{"woocommerce_id":3183,"google_id":"online:en:IN:gla_3183"},{"woocommerce_id":3185,"google_id":"online:en:IN:gla_3185"},{"woocommerce_id":3187,"google_id":"online:en:IN:gla_3187"},{"woocommerce_id":3189,"google_id":"online:en:IN:gla_3189"},{"woocommerce_id":3193,"google_id":"online:en:IN:gla_3193"},{"woocommerce_id":3195,"google_id":"online:en:IN:gla_3195"},{"woocommerce_id":3197,"google_id":"online:en:IN:gla_3197"},{"woocommerce_id":3199,"google_id":"online:en:IN:gla_3199"},{"woocommerce_id":3203,"google_id":"online:en:IN:gla_3203"},{"woocommerce_id":3205,"google_id":"online:en:IN:gla_3205"},{"woocommerce_id":3207,"google_id":"online:en:IN:gla_3207"},{"woocommerce_id":3209,"google_id":"online:en:IN:gla_3209"},{"woocommerce_id":3211,"google_id":"online:en:IN:gla_3211"},{"woocommerce_id":3213,"google_id":"online:en:IN:gla_3213"},{"woocommerce_id":3215,"google_id":"online:en:IN:gla_3215"},{"woocommerce_id":3217,"google_id":"online:en:IN:gla_3217"},{"woocommerce_id":3219,"google_id":"online:en:IN:gla_3219"},{"woocommerce_id":3221,"google_id":"online:en:IN:gla_3221"},{"woocommerce_id":3223,"google_id":"online:en:IN:gla_3223"},{"woocommerce_id":3225,"google_id":"online:en:IN:gla_3225"},{"woocommerce_id":3227,"google_id":"online:en:IN:gla_3227"},{"woocommerce_id":3229,"google_id":"online:en:IN:gla_3229"},{"woocommerce_id":3231,"google_id":"online:en:IN:gla_3231"},{"woocommerce_id":3233,"google_id":"online:en:IN:gla_3233"},{"woocommerce_id":3239,"google_id":"online:en:IN:gla_3239"},{"woocommerce_id":3241,"google_id":"online:en:IN:gla_3241"},{"woocommerce_id":3243,"google_id":"online:en:IN:gla_3243"},{"woocommerce_id":3245,"google_id":"online:en:IN:gla_3245"},{"woocommerce_id":3247,"google_id":"online:en:IN:gla_3247"},{"woocommerce_id":3253,"google_id":"online:en:IN:gla_3253"},{"woocommerce_id":3255,"google_id":"online:en:IN:gla_3255"},{"woocommerce_id":3257,"google_id":"online:en:IN:gla_3257"},{"woocommerce_id":3259,"google_id":"online:en:IN:gla_3259"},{"woocommerce_id":3261,"google_id":"online:en:IN:gla_3261"},{"woocommerce_id":3265,"google_id":"online:en:IN:gla_3265"},{"woocommerce_id":3269,"google_id":"online:en:IN:gla_3269"},{"woocommerce_id":3271,"google_id":"online:en:IN:gla_3271"},{"woocommerce_id":3273,"google_id":"online:en:IN:gla_3273"},{"woocommerce_id":3275,"google_id":"online:en:IN:gla_3275"},{"woocommerce_id":3277,"google_id":"online:en:IN:gla_3277"},{"woocommerce_id":3279,"google_id":"online:en:IN:gla_3279"},{"woocommerce_id":3281,"google_id":"online:en:IN:gla_3281"},{"woocommerce_id":3283,"google_id":"online:en:IN:gla_3283"},{"woocommerce_id":3285,"google_id":"online:en:IN:gla_3285"},{"woocommerce_id":3287,"google_id":"online:en:IN:gla_3287"},{"woocommerce_id":3289,"google_id":"online:en:IN:gla_3289"},{"woocommerce_id":3291,"google_id":"online:en:IN:gla_3291"},{"woocommerce_id":3293,"google_id":"online:en:IN:gla_3293"},{"woocommerce_id":3295,"google_id":"online:en:IN:gla_3295"},{"woocommerce_id":3297,"google_id":"online:en:IN:gla_3297"},{"woocommerce_id":3299,"google_id":"online:en:IN:gla_3299"},{"woocommerce_id":3301,"google_id":"online:en:IN:gla_3301"},{"woocommerce_id":3303,"google_id":"online:en:IN:gla_3303"},{"woocommerce_id":3305,"google_id":"online:en:IN:gla_3305"},{"woocommerce_id":3307,"google_id":"online:en:IN:gla_3307"},{"woocommerce_id":3309,"google_id":"online:en:IN:gla_3309"},{"woocommerce_id":3311,"google_id":"online:en:IN:gla_3311"},{"woocommerce_id":3313,"google_id":"online:en:IN:gla_3313"},{"woocommerce_id":3315,"google_id":"online:en:IN:gla_3315"},{"woocommerce_id":3317,"google_id":"online:en:IN:gla_3317"},{"woocommerce_id":3319,"google_id":"online:en:IN:gla_3319"},{"woocommerce_id":3329,"google_id":"online:en:IN:gla_3329"},{"woocommerce_id":3331,"google_id":"online:en:IN:gla_3331"},{"woocommerce_id":3333,"google_id":"online:en:IN:gla_3333"},{"woocommerce_id":3335,"google_id":"online:en:IN:gla_3335"},{"woocommerce_id":3339,"google_id":"online:en:IN:gla_3339"},{"woocommerce_id":3341,"google_id":"online:en:IN:gla_3341"},{"woocommerce_id":3345,"google_id":"online:en:IN:gla_3345"},{"woocommerce_id":3347,"google_id":"online:en:IN:gla_3347"},{"woocommerce_id":3349,"google_id":"online:en:IN:gla_3349"},{"woocommerce_id":3351,"google_id":"online:en:IN:gla_3351"},{"woocommerce_id":3353,"google_id":"online:en:IN:gla_3353"},{"woocommerce_id":3357,"google_id":"online:en:IN:gla_3357"},{"woocommerce_id":3359,"google_id":"online:en:IN:gla_3359"},{"woocommerce_id":3361,"google_id":"online:en:IN:gla_3361"},{"woocommerce_id":3363,"google_id":"online:en:IN:gla_3363"},{"woocommerce_id":3365,"google_id":"online:en:IN:gla_3365"},{"woocommerce_id":3367,"google_id":"online:en:IN:gla_3367"},{"woocommerce_id":3369,"google_id":"online:en:IN:gla_3369"},{"woocommerce_id":3371,"google_id":"online:en:IN:gla_3371"},{"woocommerce_id":3373,"google_id":"online:en:IN:gla_3373"},{"woocommerce_id":3375,"google_id":"online:en:IN:gla_3375"},{"woocommerce_id":3379,"google_id":"online:en:IN:gla_3379"},{"woocommerce_id":3381,"google_id":"online:en:IN:gla_3381"},{"woocommerce_id":3383,"google_id":"online:en:IN:gla_3383"},{"woocommerce_id":3385,"google_id":"online:en:IN:gla_3385"},{"woocommerce_id":3391,"google_id":"online:en:IN:gla_3391"},{"woocommerce_id":3393,"google_id":"online:en:IN:gla_3393"},{"woocommerce_id":3395,"google_id":"online:en:IN:gla_3395"},{"woocommerce_id":3397,"google_id":"online:en:IN:gla_3397"},{"woocommerce_id":3399,"google_id":"online:en:IN:gla_3399"},{"woocommerce_id":3401,"google_id":"online:en:IN:gla_3401"},{"woocommerce_id":3409,"google_id":"online:en:IN:gla_3409"},{"woocommerce_id":3411,"google_id":"online:en:IN:gla_3411"},{"woocommerce_id":3413,"google_id":"online:en:IN:gla_3413"},{"woocommerce_id":3415,"google_id":"online:en:IN:gla_3415"},{"woocommerce_id":3417,"google_id":"online:en:IN:gla_3417"}]
