2025-10-28T03:07:01+00:00 DEBUG Automattic\WooCommerce\GoogleListingsAndAds\Product\WCProductAdapter::map_product_categories Product category (ID: 3159): ["Belt"].
2025-10-28T03:07:01+00:00 DEBUG Automattic\WooCommerce\GoogleListingsAndAds\Product\WCProductAdapter::map_product_categories Product category (ID: 3161): ["Jacket"].
2025-10-28T03:07:01+00:00 DEBUG Automattic\WooCommerce\GoogleListingsAndAds\Product\WCProductAdapter::map_product_categories Product category (ID: 3163): ["Jal"].
2025-10-28T03:07:01+00:00 DEBUG Automattic\WooCommerce\GoogleListingsAndAds\Product\WCProductAdapter::map_product_categories Product category (ID: 3165): ["Full Body"].
2025-10-28T03:07:01+00:00 DEBUG Automattic\WooCommerce\GoogleListingsAndAds\Product\WCProductAdapter::map_product_categories Product category (ID: 3167): ["Kurti"].
2025-10-28T03:07:01+00:00 DEBUG Automattic\WooCommerce\GoogleListingsAndAds\Product\WCProductAdapter::map_product_categories Product category (ID: 3169): ["Full Body"].
2025-10-28T03:07:01+00:00 DEBUG Automattic\WooCommerce\GoogleListingsAndAds\Product\WCProductAdapter::map_product_categories Product category (ID: 3171): ["Kali"].
2025-10-28T03:07:01+00:00 DEBUG Automattic\WooCommerce\GoogleListingsAndAds\Product\WCProductAdapter::map_product_categories Product category (ID: 3173): ["All Over"].
2025-10-28T03:07:01+00:00 DEBUG Automattic\WooCommerce\GoogleListingsAndAds\Product\WCProductAdapter::map_product_categories Product category (ID: 3175): ["All Over"].
2025-10-28T03:07:01+00:00 DEBUG Automattic\WooCommerce\GoogleListingsAndAds\Product\WCProductAdapter::map_product_categories Product category (ID: 3191): ["Sleeveless"].
2025-10-28T03:07:01+00:00 DEBUG Automattic\WooCommerce\GoogleListingsAndAds\Product\WCProductAdapter::map_product_categories Product category (ID: 3201): ["Sleeveless"].
2025-10-28T03:07:01+00:00 DEBUG Automattic\WooCommerce\GoogleListingsAndAds\Product\WCProductAdapter::map_product_categories Product category (ID: 3235): ["Sleeveless"].
2025-10-28T03:07:01+00:00 DEBUG Automattic\WooCommerce\GoogleListingsAndAds\Product\WCProductAdapter::map_product_categories Product category (ID: 3249): ["Sleeveless"].
2025-10-28T03:07:01+00:00 DEBUG Automattic\WooCommerce\GoogleListingsAndAds\Product\WCProductAdapter::map_product_categories Product category (ID: 3263): ["Sleeveless"].
2025-10-28T03:07:01+00:00 DEBUG Automattic\WooCommerce\GoogleListingsAndAds\Product\WCProductAdapter::map_product_categories Product category (ID: 3321): ["Kurti"].
2025-10-28T03:07:01+00:00 DEBUG Automattic\WooCommerce\GoogleListingsAndAds\Product\WCProductAdapter::map_product_categories Product category (ID: 3377): ["Sleeveless"].
2025-10-28T03:07:01+00:00 DEBUG Automattic\WooCommerce\GoogleListingsAndAds\Product\WCProductAdapter::map_product_categories Product category (ID: 3387): ["Belt","Cut"].
2025-10-28T03:07:01+00:00 DEBUG Automattic\WooCommerce\GoogleListingsAndAds\Product\WCProductAdapter::map_product_categories Product category (ID: 3389): ["Punjabi"].
2025-10-28T03:07:01+00:00 DEBUG Automattic\WooCommerce\GoogleListingsAndAds\Product\WCProductAdapter::map_product_categories Product category (ID: 3407): ["Buta"].
2025-10-28T03:07:01+00:00 DEBUG Automattic\WooCommerce\GoogleListingsAndAds\Product\WCProductAdapter::map_product_categories Product category (ID: 3419): ["Jal"].
2025-10-28T03:07:01+00:00 DEBUG Automattic\WooCommerce\GoogleListingsAndAds\Product\WCProductAdapter::map_product_categories Product category (ID: 3421): ["Full Body"].
2025-10-28T03:07:01+00:00 DEBUG Automattic\WooCommerce\GoogleListingsAndAds\Product\WCProductAdapter::map_product_categories Product category (ID: 3423): ["Belt"].
2025-10-28T03:07:01+00:00 DEBUG Automattic\WooCommerce\GoogleListingsAndAds\Product\WCProductAdapter::map_product_categories Product category (ID: 3425): ["Full Body"].
2025-10-28T03:07:01+00:00 DEBUG Automattic\WooCommerce\GoogleListingsAndAds\Product\WCProductAdapter::map_product_categories Product category (ID: 3427): ["All Over"].
2025-10-28T03:07:01+00:00 DEBUG Automattic\WooCommerce\GoogleListingsAndAds\Product\WCProductAdapter::map_product_categories Product category (ID: 3429): ["Full Body"].
2025-10-28T03:07:01+00:00 DEBUG Automattic\WooCommerce\GoogleListingsAndAds\Product\WCProductAdapter::map_product_categories Product category (ID: 3431): ["Belt"].
2025-10-28T03:07:01+00:00 DEBUG Automattic\WooCommerce\GoogleListingsAndAds\Product\WCProductAdapter::map_product_categories Product category (ID: 3433): ["Jal"].
2025-10-28T03:07:01+00:00 DEBUG Automattic\WooCommerce\GoogleListingsAndAds\Product\WCProductAdapter::map_product_categories Product category (ID: 3435): ["All Over"].
2025-10-28T03:07:01+00:00 DEBUG Automattic\WooCommerce\GoogleListingsAndAds\Product\WCProductAdapter::map_product_categories Product category (ID: 3437): ["Full Body"].
2025-10-28T03:07:01+00:00 DEBUG Automattic\WooCommerce\GoogleListingsAndAds\Product\WCProductAdapter::map_product_categories Product category (ID: 3439): ["Full Body"].
2025-10-28T03:07:01+00:00 DEBUG Automattic\WooCommerce\GoogleListingsAndAds\Product\WCProductAdapter::map_product_categories Product category (ID: 3441): ["All Over"].
2025-10-28T03:07:01+00:00 DEBUG Automattic\WooCommerce\GoogleListingsAndAds\Product\WCProductAdapter::map_product_categories Product category (ID: 3443): ["Full Body"].
2025-10-28T03:07:01+00:00 DEBUG Automattic\WooCommerce\GoogleListingsAndAds\Product\WCProductAdapter::map_product_categories Product category (ID: 3445): ["Jal"].
2025-10-28T03:07:01+00:00 DEBUG Automattic\WooCommerce\GoogleListingsAndAds\Product\WCProductAdapter::map_product_categories Product category (ID: 3447): ["Hheavy Jaal"].
2025-10-28T03:07:01+00:00 DEBUG Automattic\WooCommerce\GoogleListingsAndAds\Product\WCProductAdapter::map_product_categories Product category (ID: 3449): ["Jal"].
2025-10-28T03:07:01+00:00 DEBUG Automattic\WooCommerce\GoogleListingsAndAds\Product\WCProductAdapter::map_product_categories Product category (ID: 3536): ["Full Body"].
2025-10-28T03:07:01+00:00 DEBUG Automattic\WooCommerce\GoogleListingsAndAds\Product\WCProductAdapter::map_product_categories Product category (ID: 3546): ["All Over"].
2025-10-28T03:07:01+00:00 DEBUG Automattic\WooCommerce\GoogleListingsAndAds\Product\WCProductAdapter::map_product_categories Product category (ID: 3551): ["Belt"].
2025-10-28T03:07:01+00:00 DEBUG Automattic\WooCommerce\GoogleListingsAndAds\Product\WCProductAdapter::map_product_categories Product category (ID: 3561): ["Belt"].
2025-10-28T03:07:01+00:00 DEBUG Automattic\WooCommerce\GoogleListingsAndAds\Product\WCProductAdapter::map_product_categories Product category (ID: 3622): ["Belt"].
2025-10-28T03:07:01+00:00 DEBUG Automattic\WooCommerce\GoogleListingsAndAds\Product\WCProductAdapter::map_product_categories Product category (ID: 3624): ["Kurti"].
2025-10-28T03:07:01+00:00 DEBUG Automattic\WooCommerce\GoogleListingsAndAds\Product\WCProductAdapter::map_product_categories Product category (ID: 3626): ["Belt"].
2025-10-28T03:07:01+00:00 DEBUG Automattic\WooCommerce\GoogleListingsAndAds\Product\WCProductAdapter::map_product_categories Product category (ID: 3628): ["Kali"].
2025-10-28T03:07:01+00:00 DEBUG Automattic\WooCommerce\GoogleListingsAndAds\Product\WCProductAdapter::map_product_categories Product category (ID: 3630): ["Full Body"].
2025-10-28T03:07:01+00:00 DEBUG Automattic\WooCommerce\GoogleListingsAndAds\Product\WCProductAdapter::map_product_categories Product category (ID: 3632): ["Kurti"].
2025-10-28T03:07:01+00:00 DEBUG Automattic\WooCommerce\GoogleListingsAndAds\Product\WCProductAdapter::map_product_categories Product category (ID: 3634): ["Belt"].
2025-10-28T03:07:01+00:00 DEBUG Automattic\WooCommerce\GoogleListingsAndAds\Product\WCProductAdapter::map_product_categories Product category (ID: 3636): ["All Over"].
2025-10-28T03:07:01+00:00 DEBUG Automattic\WooCommerce\GoogleListingsAndAds\Product\WCProductAdapter::map_product_categories Product category (ID: 3638): ["Belt"].
2025-10-28T03:07:01+00:00 DEBUG Automattic\WooCommerce\GoogleListingsAndAds\Product\WCProductAdapter::map_product_categories Product category (ID: 3642): ["Kali"].
2025-10-28T03:07:01+00:00 DEBUG Automattic\WooCommerce\GoogleListingsAndAds\Product\WCProductAdapter::map_product_categories Product category (ID: 3644): ["Full Body"].
2025-10-28T03:07:01+00:00 DEBUG Automattic\WooCommerce\GoogleListingsAndAds\Product\WCProductAdapter::map_product_categories Product category (ID: 3646): ["Astin"].
2025-10-28T03:07:01+00:00 DEBUG Automattic\WooCommerce\GoogleListingsAndAds\Product\WCProductAdapter::map_product_categories Product category (ID: 3648): ["Belt"].
2025-10-28T03:07:01+00:00 DEBUG Automattic\WooCommerce\GoogleListingsAndAds\Product\WCProductAdapter::map_product_categories Product category (ID: 3650): ["Kurti"].
2025-10-28T03:07:01+00:00 DEBUG Automattic\WooCommerce\GoogleListingsAndAds\Product\WCProductAdapter::map_product_categories Product category (ID: 3652): ["Belt"].
2025-10-28T03:07:01+00:00 DEBUG Automattic\WooCommerce\GoogleListingsAndAds\Product\WCProductAdapter::map_product_categories Product category (ID: 3656): ["Astin"].
2025-10-28T03:07:01+00:00 DEBUG Automattic\WooCommerce\GoogleListingsAndAds\Product\WCProductAdapter::map_product_categories Product category (ID: 3658): ["Jacket"].
2025-10-28T03:07:01+00:00 DEBUG Automattic\WooCommerce\GoogleListingsAndAds\Product\WCProductAdapter::map_product_categories Product category (ID: 3670): ["Punjabi"].
2025-10-28T03:07:01+00:00 DEBUG Automattic\WooCommerce\GoogleListingsAndAds\Product\WCProductAdapter::map_product_categories Product category (ID: 3672): ["Punjabi"].
2025-10-28T03:07:01+00:00 DEBUG Automattic\WooCommerce\GoogleListingsAndAds\Product\WCProductAdapter::map_product_categories Product category (ID: 3676): ["Punjabi"].
2025-10-28T03:07:01+00:00 DEBUG Automattic\WooCommerce\GoogleListingsAndAds\Product\WCProductAdapter::map_product_categories Product category (ID: 3678): ["Punjabi"].
2025-10-28T03:07:01+00:00 DEBUG Automattic\WooCommerce\GoogleListingsAndAds\Product\WCProductAdapter::map_product_categories Product category (ID: 3684): ["Punjabi"].
2025-10-28T03:07:01+00:00 DEBUG Automattic\WooCommerce\GoogleListingsAndAds\Product\WCProductAdapter::map_product_categories Product category (ID: 3708): ["Heavy Jacket"].
2025-10-28T03:07:01+00:00 DEBUG Automattic\WooCommerce\GoogleListingsAndAds\Product\WCProductAdapter::map_product_categories Product category (ID: 3714): ["Cut"].
2025-10-28T03:07:01+00:00 DEBUG Automattic\WooCommerce\GoogleListingsAndAds\Product\WCProductAdapter::map_product_categories Product category (ID: 3724): ["Sleeveless"].
2025-10-28T03:07:01+00:00 DEBUG Automattic\WooCommerce\GoogleListingsAndAds\Product\WCProductAdapter::map_product_categories Product category (ID: 3730): ["Sleeveless"].
2025-10-28T03:07:01+00:00 DEBUG Automattic\WooCommerce\GoogleListingsAndAds\Product\WCProductAdapter::map_product_categories Product category (ID: 3750): ["Cut"].
2025-10-28T03:07:01+00:00 DEBUG Automattic\WooCommerce\GoogleListingsAndAds\Product\WCProductAdapter::map_product_categories Product category (ID: 3772): ["Sleeveless"].
2025-10-28T03:07:01+00:00 DEBUG Automattic\WooCommerce\GoogleListingsAndAds\Product\WCProductAdapter::map_product_categories Product category (ID: 3838): ["Sleeveless"].
2025-10-28T03:07:01+00:00 DEBUG Automattic\WooCommerce\GoogleListingsAndAds\Product\WCProductAdapter::map_product_categories Product category (ID: 3844): ["Full Body"].
2025-10-28T03:07:01+00:00 DEBUG Automattic\WooCommerce\GoogleListingsAndAds\Product\WCProductAdapter::map_product_categories Product category (ID: 3856): ["Sleeveless"].
2025-10-28T03:07:01+00:00 DEBUG Automattic\WooCommerce\GoogleListingsAndAds\Product\WCProductAdapter::map_product_categories Product category (ID: 3858): ["Cut"].
2025-10-28T03:07:01+00:00 DEBUG Automattic\WooCommerce\GoogleListingsAndAds\Product\WCProductAdapter::map_product_categories Product category (ID: 3860): ["Sleeveless"].
2025-10-28T03:07:01+00:00 DEBUG Automattic\WooCommerce\GoogleListingsAndAds\Product\WCProductAdapter::map_product_categories Product category (ID: 3902): ["Cut"].
2025-10-28T03:07:01+00:00 DEBUG Automattic\WooCommerce\GoogleListingsAndAds\Product\WCProductAdapter::map_product_categories Product category (ID: 3918): ["Cut"].
2025-10-28T03:07:01+00:00 DEBUG Automattic\WooCommerce\GoogleListingsAndAds\Product\WCProductAdapter::map_product_categories Product category (ID: 3932): ["Belt"].
2025-10-28T03:07:01+00:00 DEBUG Automattic\WooCommerce\GoogleListingsAndAds\Product\WCProductAdapter::map_product_categories Product category (ID: 3940): ["Sleeveless"].
2025-10-28T03:07:01+00:00 DEBUG Automattic\WooCommerce\GoogleListingsAndAds\Product\WCProductAdapter::map_product_categories Product category (ID: 3966): ["Sleeveless"].
2025-10-28T03:07:01+00:00 DEBUG Automattic\WooCommerce\GoogleListingsAndAds\Product\WCProductAdapter::map_product_categories Product category (ID: 3970): ["Sleeveless"].
2025-10-28T03:07:01+00:00 DEBUG Automattic\WooCommerce\GoogleListingsAndAds\Product\WCProductAdapter::map_product_categories Product category (ID: 3980): ["Sleeveless"].
2025-10-28T03:07:01+00:00 DEBUG Automattic\WooCommerce\GoogleListingsAndAds\Product\WCProductAdapter::map_product_categories Product category (ID: 4020): ["Sleeveless"].
2025-10-28T03:07:01+00:00 DEBUG Automattic\WooCommerce\GoogleListingsAndAds\Product\WCProductAdapter::map_product_categories Product category (ID: 4032): ["Sleeveless"].
2025-10-28T03:07:01+00:00 DEBUG Automattic\WooCommerce\GoogleListingsAndAds\Product\WCProductAdapter::map_product_categories Product category (ID: 4050): ["Cut"].
2025-10-28T03:07:01+00:00 DEBUG Automattic\WooCommerce\GoogleListingsAndAds\Product\WCProductAdapter::map_product_categories Product category (ID: 4078): ["Sleeveless"].
2025-10-28T03:07:01+00:00 DEBUG Automattic\WooCommerce\GoogleListingsAndAds\Product\WCProductAdapter::map_product_categories Product category (ID: 4138): ["Kurti"].
2025-10-28T03:07:03+00:00 DEBUG Automattic\WooCommerce\GoogleListingsAndAds\Product\ProductSyncer::update_by_batch_requests Submitted 84 products:
[{"woocommerce_id":3159,"google_id":"online:en:IN:gla_3159"},{"woocommerce_id":3161,"google_id":"online:en:IN:gla_3161"},{"woocommerce_id":3163,"google_id":"online:en:IN:gla_3163"},{"woocommerce_id":3165,"google_id":"online:en:IN:gla_3165"},{"woocommerce_id":3167,"google_id":"online:en:IN:gla_3167"},{"woocommerce_id":3169,"google_id":"online:en:IN:gla_3169"},{"woocommerce_id":3171,"google_id":"online:en:IN:gla_3171"},{"woocommerce_id":3173,"google_id":"online:en:IN:gla_3173"},{"woocommerce_id":3175,"google_id":"online:en:IN:gla_3175"},{"woocommerce_id":3191,"google_id":"online:en:IN:gla_3191"},{"woocommerce_id":3201,"google_id":"online:en:IN:gla_3201"},{"woocommerce_id":3235,"google_id":"online:en:IN:gla_3235"},{"woocommerce_id":3249,"google_id":"online:en:IN:gla_3249"},{"woocommerce_id":3263,"google_id":"online:en:IN:gla_3263"},{"woocommerce_id":3321,"google_id":"online:en:IN:gla_3321"},{"woocommerce_id":3377,"google_id":"online:en:IN:gla_3377"},{"woocommerce_id":3387,"google_id":"online:en:IN:gla_3387"},{"woocommerce_id":3389,"google_id":"online:en:IN:gla_3389"},{"woocommerce_id":3407,"google_id":"online:en:IN:gla_3407"},{"woocommerce_id":3419,"google_id":"online:en:IN:gla_3419"},{"woocommerce_id":3421,"google_id":"online:en:IN:gla_3421"},{"woocommerce_id":3423,"google_id":"online:en:IN:gla_3423"},{"woocommerce_id":3425,"google_id":"online:en:IN:gla_3425"},{"woocommerce_id":3427,"google_id":"online:en:IN:gla_3427"},{"woocommerce_id":3429,"google_id":"online:en:IN:gla_3429"},{"woocommerce_id":3431,"google_id":"online:en:IN:gla_3431"},{"woocommerce_id":3433,"google_id":"online:en:IN:gla_3433"},{"woocommerce_id":3435,"google_id":"online:en:IN:gla_3435"},{"woocommerce_id":3437,"google_id":"online:en:IN:gla_3437"},{"woocommerce_id":3439,"google_id":"online:en:IN:gla_3439"},{"woocommerce_id":3441,"google_id":"online:en:IN:gla_3441"},{"woocommerce_id":3443,"google_id":"online:en:IN:gla_3443"},{"woocommerce_id":3445,"google_id":"online:en:IN:gla_3445"},{"woocommerce_id":3447,"google_id":"online:en:IN:gla_3447"},{"woocommerce_id":3449,"google_id":"online:en:IN:gla_3449"},{"woocommerce_id":3536,"google_id":"online:en:IN:gla_3536"},{"woocommerce_id":3546,"google_id":"online:en:IN:gla_3546"},{"woocommerce_id":3551,"google_id":"online:en:IN:gla_3551"},{"woocommerce_id":3561,"google_id":"online:en:IN:gla_3561"},{"woocommerce_id":3622,"google_id":"online:en:IN:gla_3622"},{"woocommerce_id":3624,"google_id":"online:en:IN:gla_3624"},{"woocommerce_id":3626,"google_id":"online:en:IN:gla_3626"},{"woocommerce_id":3628,"google_id":"online:en:IN:gla_3628"},{"woocommerce_id":3630,"google_id":"online:en:IN:gla_3630"},{"woocommerce_id":3632,"google_id":"online:en:IN:gla_3632"},{"woocommerce_id":3634,"google_id":"online:en:IN:gla_3634"},{"woocommerce_id":3636,"google_id":"online:en:IN:gla_3636"},{"woocommerce_id":3638,"google_id":"online:en:IN:gla_3638"},{"woocommerce_id":3642,"google_id":"online:en:IN:gla_3642"},{"woocommerce_id":3644,"google_id":"online:en:IN:gla_3644"},{"woocommerce_id":3646,"google_id":"online:en:IN:gla_3646"},{"woocommerce_id":3648,"google_id":"online:en:IN:gla_3648"},{"woocommerce_id":3650,"google_id":"online:en:IN:gla_3650"},{"woocommerce_id":3652,"google_id":"online:en:IN:gla_3652"},{"woocommerce_id":3656,"google_id":"online:en:IN:gla_3656"},{"woocommerce_id":3658,"google_id":"online:en:IN:gla_3658"},{"woocommerce_id":3670,"google_id":"online:en:IN:gla_3670"},{"woocommerce_id":3672,"google_id":"online:en:IN:gla_3672"},{"woocommerce_id":3676,"google_id":"online:en:IN:gla_3676"},{"woocommerce_id":3678,"google_id":"online:en:IN:gla_3678"},{"woocommerce_id":3684,"google_id":"online:en:IN:gla_3684"},{"woocommerce_id":3708,"google_id":"online:en:IN:gla_3708"},{"woocommerce_id":3714,"google_id":"online:en:IN:gla_3714"},{"woocommerce_id":3724,"google_id":"online:en:IN:gla_3724"},{"woocommerce_id":3730,"google_id":"online:en:IN:gla_3730"},{"woocommerce_id":3750,"google_id":"online:en:IN:gla_3750"},{"woocommerce_id":3772,"google_id":"online:en:IN:gla_3772"},{"woocommerce_id":3838,"google_id":"online:en:IN:gla_3838"},{"woocommerce_id":3844,"google_id":"online:en:IN:gla_3844"},{"woocommerce_id":3856,"google_id":"online:en:IN:gla_3856"},{"woocommerce_id":3858,"google_id":"online:en:IN:gla_3858"},{"woocommerce_id":3860,"google_id":"online:en:IN:gla_3860"},{"woocommerce_id":3902,"google_id":"online:en:IN:gla_3902"},{"woocommerce_id":3918,"google_id":"online:en:IN:gla_3918"},{"woocommerce_id":3932,"google_id":"online:en:IN:gla_3932"},{"woocommerce_id":3940,"google_id":"online:en:IN:gla_3940"},{"woocommerce_id":3966,"google_id":"online:en:IN:gla_3966"},{"woocommerce_id":3970,"google_id":"online:en:IN:gla_3970"},{"woocommerce_id":3980,"google_id":"online:en:IN:gla_3980"},{"woocommerce_id":4020,"google_id":"online:en:IN:gla_4020"},{"woocommerce_id":4032,"google_id":"online:en:IN:gla_4032"},{"woocommerce_id":4050,"google_id":"online:en:IN:gla_4050"},{"woocommerce_id":4078,"google_id":"online:en:IN:gla_4078"},{"woocommerce_id":4138,"google_id":"online:en:IN:gla_4138"}]
