2025-10-24T03:03:21+00:00 DEBUG Automattic\WooCommerce\GoogleListingsAndAds\Product\WCProductAdapter::map_product_categories Product category (ID: 1823): ["Jal"].
2025-10-24T03:03:21+00:00 DEBUG Automattic\WooCommerce\GoogleListingsAndAds\Product\WCProductAdapter::map_product_categories Product category (ID: 1845): ["All Over"].
2025-10-24T03:03:21+00:00 DEBUG Automattic\WooCommerce\GoogleListingsAndAds\Product\WCProductAdapter::map_product_categories Product category (ID: 1849): ["Aliya"].
2025-10-24T03:03:21+00:00 DEBUG Automattic\WooCommerce\GoogleListingsAndAds\Product\WCProductAdapter::map_product_categories Product category (ID: 1853): ["Aliya","Full Body"].
2025-10-24T03:03:21+00:00 DEBUG Automattic\WooCommerce\GoogleListingsAndAds\Product\WCProductAdapter::map_product_categories Product category (ID: 1857): ["Half Body"].
2025-10-24T03:03:21+00:00 DEBUG Automattic\WooCommerce\GoogleListingsAndAds\Product\WCProductAdapter::map_product_categories Product category (ID: 1864): ["Half Body"].
2025-10-24T03:03:21+00:00 DEBUG Automattic\WooCommerce\GoogleListingsAndAds\Product\WCProductAdapter::map_product_categories Product category (ID: 1866): ["Sleeveless"].
2025-10-24T03:03:21+00:00 DEBUG Automattic\WooCommerce\GoogleListingsAndAds\Product\WCProductAdapter::map_product_categories Product category (ID: 1884): ["All Over"].
2025-10-24T03:03:21+00:00 DEBUG Automattic\WooCommerce\GoogleListingsAndAds\Product\WCProductAdapter::map_product_categories Product category (ID: 1892): ["Half Body"].
2025-10-24T03:03:21+00:00 DEBUG Automattic\WooCommerce\GoogleListingsAndAds\Product\WCProductAdapter::map_product_categories Product category (ID: 1894): ["Half Body"].
2025-10-24T03:03:21+00:00 DEBUG Automattic\WooCommerce\GoogleListingsAndAds\Product\WCProductAdapter::map_product_categories Product category (ID: 1896): ["All Over"].
2025-10-24T03:03:21+00:00 DEBUG Automattic\WooCommerce\GoogleListingsAndAds\Product\WCProductAdapter::map_product_categories Product category (ID: 1904): ["Jacket"].
2025-10-24T03:03:21+00:00 DEBUG Automattic\WooCommerce\GoogleListingsAndAds\Product\WCProductAdapter::map_product_categories Product category (ID: 1906): ["All Over"].
2025-10-24T03:03:21+00:00 DEBUG Automattic\WooCommerce\GoogleListingsAndAds\Product\WCProductAdapter::map_product_categories Product category (ID: 1908): ["Astin"].
2025-10-24T03:03:21+00:00 DEBUG Automattic\WooCommerce\GoogleListingsAndAds\Product\WCProductAdapter::map_product_categories Product category (ID: 1924): ["Aliya"].
2025-10-24T03:03:21+00:00 DEBUG Automattic\WooCommerce\GoogleListingsAndAds\Product\WCProductAdapter::map_product_categories Product category (ID: 1928): ["Belt"].
2025-10-24T03:03:21+00:00 DEBUG Automattic\WooCommerce\GoogleListingsAndAds\Product\WCProductAdapter::map_product_categories Product category (ID: 1939): ["Half Body"].
2025-10-24T03:03:21+00:00 DEBUG Automattic\WooCommerce\GoogleListingsAndAds\Product\WCProductAdapter::map_product_categories Product category (ID: 1945): ["All Over"].
2025-10-24T03:03:21+00:00 DEBUG Automattic\WooCommerce\GoogleListingsAndAds\Product\WCProductAdapter::map_product_categories Product category (ID: 1947): ["Kurti"].
2025-10-24T03:03:21+00:00 DEBUG Automattic\WooCommerce\GoogleListingsAndAds\Product\WCProductAdapter::map_product_categories Product category (ID: 1959): ["Heavy Jacket"].
2025-10-24T03:03:21+00:00 DEBUG Automattic\WooCommerce\GoogleListingsAndAds\Product\WCProductAdapter::map_product_categories Product category (ID: 1963): ["Half Body"].
2025-10-24T03:03:21+00:00 DEBUG Automattic\WooCommerce\GoogleListingsAndAds\Product\WCProductAdapter::map_product_categories Product category (ID: 1967): ["Cut"].
2025-10-24T03:03:21+00:00 DEBUG Automattic\WooCommerce\GoogleListingsAndAds\Product\WCProductAdapter::map_product_categories Product category (ID: 1975): ["Sleeveless"].
2025-10-24T03:03:21+00:00 DEBUG Automattic\WooCommerce\GoogleListingsAndAds\Product\WCProductAdapter::map_product_categories Product category (ID: 1977): ["Kurti"].
2025-10-24T03:03:21+00:00 DEBUG Automattic\WooCommerce\GoogleListingsAndAds\Product\WCProductAdapter::map_product_categories Product category (ID: 1985): ["Sleeveless"].
2025-10-24T03:03:21+00:00 DEBUG Automattic\WooCommerce\GoogleListingsAndAds\Product\WCProductAdapter::map_product_categories Product category (ID: 1993): ["Kali"].
2025-10-24T03:03:21+00:00 DEBUG Automattic\WooCommerce\GoogleListingsAndAds\Product\WCProductAdapter::map_product_categories Product category (ID: 2033): ["Jacket"].
2025-10-24T03:03:21+00:00 DEBUG Automattic\WooCommerce\GoogleListingsAndAds\Product\WCProductAdapter::map_product_categories Product category (ID: 2035): ["Jacket"].
2025-10-24T03:03:21+00:00 DEBUG Automattic\WooCommerce\GoogleListingsAndAds\Product\WCProductAdapter::map_product_categories Product category (ID: 2045): ["Astin"].
2025-10-24T03:03:21+00:00 DEBUG Automattic\WooCommerce\GoogleListingsAndAds\Product\WCProductAdapter::map_product_categories Product category (ID: 2059): ["Cut"].
2025-10-24T03:03:21+00:00 DEBUG Automattic\WooCommerce\GoogleListingsAndAds\Product\WCProductAdapter::map_product_categories Product category (ID: 2063): ["Sleeveless"].
2025-10-24T03:03:21+00:00 DEBUG Automattic\WooCommerce\GoogleListingsAndAds\Product\WCProductAdapter::map_product_categories Product category (ID: 2085): ["Pakistani"].
2025-10-24T03:03:21+00:00 DEBUG Automattic\WooCommerce\GoogleListingsAndAds\Product\WCProductAdapter::map_product_categories Product category (ID: 2115): ["Jacket"].
2025-10-24T03:03:21+00:00 DEBUG Automattic\WooCommerce\GoogleListingsAndAds\Product\WCProductAdapter::map_product_categories Product category (ID: 2141): ["Aliya","Full Body"].
2025-10-24T03:03:21+00:00 DEBUG Automattic\WooCommerce\GoogleListingsAndAds\Product\WCProductAdapter::map_product_categories Product category (ID: 2145): ["Sleeveless"].
2025-10-24T03:03:21+00:00 DEBUG Automattic\WooCommerce\GoogleListingsAndAds\Product\WCProductAdapter::map_product_categories Product category (ID: 2161): ["Sleeveless"].
2025-10-24T03:03:21+00:00 DEBUG Automattic\WooCommerce\GoogleListingsAndAds\Product\WCProductAdapter::map_product_categories Product category (ID: 2169): ["Sleeveless"].
2025-10-24T03:03:21+00:00 DEBUG Automattic\WooCommerce\GoogleListingsAndAds\Product\WCProductAdapter::map_product_categories Product category (ID: 2171): ["Kurti"].
2025-10-24T03:03:21+00:00 DEBUG Automattic\WooCommerce\GoogleListingsAndAds\Product\WCProductAdapter::map_product_categories Product category (ID: 2173): ["Belt"].
2025-10-24T03:03:21+00:00 DEBUG Automattic\WooCommerce\GoogleListingsAndAds\Product\WCProductAdapter::map_product_categories Product category (ID: 2177): ["Belt"].
2025-10-24T03:03:21+00:00 DEBUG Automattic\WooCommerce\GoogleListingsAndAds\Product\WCProductAdapter::map_product_categories Product category (ID: 2179): ["Sleeveless"].
2025-10-24T03:03:21+00:00 DEBUG Automattic\WooCommerce\GoogleListingsAndAds\Product\WCProductAdapter::map_product_categories Product category (ID: 2183): ["Jal"].
2025-10-24T03:03:21+00:00 DEBUG Automattic\WooCommerce\GoogleListingsAndAds\Product\WCProductAdapter::map_product_categories Product category (ID: 2185): ["Jal"].
2025-10-24T03:03:21+00:00 DEBUG Automattic\WooCommerce\GoogleListingsAndAds\Product\WCProductAdapter::map_product_categories Product category (ID: 2187): ["All Over"].
2025-10-24T03:03:21+00:00 DEBUG Automattic\WooCommerce\GoogleListingsAndAds\Product\WCProductAdapter::map_product_categories Product category (ID: 2189): ["All Over"].
2025-10-24T03:03:21+00:00 DEBUG Automattic\WooCommerce\GoogleListingsAndAds\Product\WCProductAdapter::map_product_categories Product category (ID: 2191): ["Jacket"].
2025-10-24T03:03:21+00:00 DEBUG Automattic\WooCommerce\GoogleListingsAndAds\Product\WCProductAdapter::map_product_categories Product category (ID: 2193): ["Belt"].
2025-10-24T03:03:21+00:00 DEBUG Automattic\WooCommerce\GoogleListingsAndAds\Product\WCProductAdapter::map_product_categories Product category (ID: 2195): ["Heavy Jacket"].
2025-10-24T03:03:21+00:00 DEBUG Automattic\WooCommerce\GoogleListingsAndAds\Product\WCProductAdapter::map_product_categories Product category (ID: 2197): ["Jacket"].
2025-10-24T03:03:21+00:00 DEBUG Automattic\WooCommerce\GoogleListingsAndAds\Product\WCProductAdapter::map_product_categories Product category (ID: 2199): ["Astin"].
2025-10-24T03:03:21+00:00 DEBUG Automattic\WooCommerce\GoogleListingsAndAds\Product\WCProductAdapter::map_product_categories Product category (ID: 2203): ["All Over"].
2025-10-24T03:03:21+00:00 DEBUG Automattic\WooCommerce\GoogleListingsAndAds\Product\WCProductAdapter::map_product_categories Product category (ID: 2205): ["Jacket"].
2025-10-24T03:03:21+00:00 DEBUG Automattic\WooCommerce\GoogleListingsAndAds\Product\WCProductAdapter::map_product_categories Product category (ID: 2207): ["Astin"].
2025-10-24T03:03:21+00:00 DEBUG Automattic\WooCommerce\GoogleListingsAndAds\Product\WCProductAdapter::map_product_categories Product category (ID: 2209): ["Jal"].
2025-10-24T03:03:21+00:00 DEBUG Automattic\WooCommerce\GoogleListingsAndAds\Product\WCProductAdapter::map_product_categories Product category (ID: 2211): ["Heavy Jacket"].
2025-10-24T03:03:21+00:00 DEBUG Automattic\WooCommerce\GoogleListingsAndAds\Product\WCProductAdapter::map_product_categories Product category (ID: 2213): ["Astin"].
2025-10-24T03:03:21+00:00 DEBUG Automattic\WooCommerce\GoogleListingsAndAds\Product\WCProductAdapter::map_product_categories Product category (ID: 2215): ["Jacket"].
2025-10-24T03:03:21+00:00 DEBUG Automattic\WooCommerce\GoogleListingsAndAds\Product\WCProductAdapter::map_product_categories Product category (ID: 2217): ["Astin"].
2025-10-24T03:03:21+00:00 DEBUG Automattic\WooCommerce\GoogleListingsAndAds\Product\WCProductAdapter::map_product_categories Product category (ID: 2219): ["Full Body"].
2025-10-24T03:03:21+00:00 DEBUG Automattic\WooCommerce\GoogleListingsAndAds\Product\WCProductAdapter::map_product_categories Product category (ID: 2221): ["Heavy Jacket"].
2025-10-24T03:03:21+00:00 DEBUG Automattic\WooCommerce\GoogleListingsAndAds\Product\WCProductAdapter::map_product_categories Product category (ID: 2223): ["Belt"].
2025-10-24T03:03:21+00:00 DEBUG Automattic\WooCommerce\GoogleListingsAndAds\Product\WCProductAdapter::map_product_categories Product category (ID: 2225): ["Astin"].
2025-10-24T03:03:21+00:00 DEBUG Automattic\WooCommerce\GoogleListingsAndAds\Product\WCProductAdapter::map_product_categories Product category (ID: 2227): ["Heavy Jacket"].
2025-10-24T03:03:21+00:00 DEBUG Automattic\WooCommerce\GoogleListingsAndAds\Product\WCProductAdapter::map_product_categories Product category (ID: 2229): ["Sleeveless"].
2025-10-24T03:03:21+00:00 DEBUG Automattic\WooCommerce\GoogleListingsAndAds\Product\WCProductAdapter::map_product_categories Product category (ID: 2231): ["Astin"].
2025-10-24T03:03:21+00:00 DEBUG Automattic\WooCommerce\GoogleListingsAndAds\Product\WCProductAdapter::map_product_categories Product category (ID: 2233): ["All Over"].
2025-10-24T03:03:21+00:00 DEBUG Automattic\WooCommerce\GoogleListingsAndAds\Product\WCProductAdapter::map_product_categories Product category (ID: 2235): ["Cut"].
2025-10-24T03:03:21+00:00 DEBUG Automattic\WooCommerce\GoogleListingsAndAds\Product\WCProductAdapter::map_product_categories Product category (ID: 2237): ["Jal"].
2025-10-24T03:03:21+00:00 DEBUG Automattic\WooCommerce\GoogleListingsAndAds\Product\WCProductAdapter::map_product_categories Product category (ID: 2243): ["Full Body"].
2025-10-24T03:03:21+00:00 DEBUG Automattic\WooCommerce\GoogleListingsAndAds\Product\WCProductAdapter::map_product_categories Product category (ID: 2245): ["Astin"].
2025-10-24T03:03:21+00:00 DEBUG Automattic\WooCommerce\GoogleListingsAndAds\Product\WCProductAdapter::map_product_categories Product category (ID: 2247): ["Full Body"].
2025-10-24T03:03:21+00:00 DEBUG Automattic\WooCommerce\GoogleListingsAndAds\Product\WCProductAdapter::map_product_categories Product category (ID: 2251): ["All Over"].
2025-10-24T03:03:21+00:00 DEBUG Automattic\WooCommerce\GoogleListingsAndAds\Product\WCProductAdapter::map_product_categories Product category (ID: 2253): ["Jacket"].
2025-10-24T03:03:21+00:00 DEBUG Automattic\WooCommerce\GoogleListingsAndAds\Product\WCProductAdapter::map_product_categories Product category (ID: 2257): ["Jacket"].
2025-10-24T03:03:21+00:00 DEBUG Automattic\WooCommerce\GoogleListingsAndAds\Product\WCProductAdapter::map_product_categories Product category (ID: 2259): ["Sleeveless"].
2025-10-24T03:03:21+00:00 DEBUG Automattic\WooCommerce\GoogleListingsAndAds\Product\WCProductAdapter::map_product_categories Product category (ID: 2261): ["Astin"].
2025-10-24T03:03:21+00:00 DEBUG Automattic\WooCommerce\GoogleListingsAndAds\Product\WCProductAdapter::map_product_categories Product category (ID: 2263): ["Jal"].
2025-10-24T03:03:21+00:00 DEBUG Automattic\WooCommerce\GoogleListingsAndAds\Product\WCProductAdapter::map_product_categories Product category (ID: 2265): ["All Over"].
2025-10-24T03:03:21+00:00 DEBUG Automattic\WooCommerce\GoogleListingsAndAds\Product\WCProductAdapter::map_product_categories Product category (ID: 2267): ["All Over"].
2025-10-24T03:03:21+00:00 DEBUG Automattic\WooCommerce\GoogleListingsAndAds\Product\WCProductAdapter::map_product_categories Product category (ID: 2271): ["Astin"].
2025-10-24T03:03:21+00:00 DEBUG Automattic\WooCommerce\GoogleListingsAndAds\Product\WCProductAdapter::map_product_categories Product category (ID: 2273): ["Full Body"].
2025-10-24T03:03:21+00:00 DEBUG Automattic\WooCommerce\GoogleListingsAndAds\Product\WCProductAdapter::map_product_categories Product category (ID: 2275): ["Kali"].
2025-10-24T03:03:21+00:00 DEBUG Automattic\WooCommerce\GoogleListingsAndAds\Product\WCProductAdapter::map_product_categories Product category (ID: 2277): ["Heavy Jacket"].
2025-10-24T03:03:21+00:00 DEBUG Automattic\WooCommerce\GoogleListingsAndAds\Product\WCProductAdapter::map_product_categories Product category (ID: 2279): ["Kali"].
2025-10-24T03:03:21+00:00 DEBUG Automattic\WooCommerce\GoogleListingsAndAds\Product\WCProductAdapter::map_product_categories Product category (ID: 2281): ["Belt"].
2025-10-24T03:03:21+00:00 DEBUG Automattic\WooCommerce\GoogleListingsAndAds\Product\WCProductAdapter::map_product_categories Product category (ID: 2283): ["Jal"].
2025-10-24T03:03:21+00:00 DEBUG Automattic\WooCommerce\GoogleListingsAndAds\Product\WCProductAdapter::map_product_categories Product category (ID: 2287): ["Necklace"].
2025-10-24T03:03:21+00:00 DEBUG Automattic\WooCommerce\GoogleListingsAndAds\Product\WCProductAdapter::map_product_categories Product category (ID: 2289): ["Full Body"].
2025-10-24T03:03:21+00:00 DEBUG Automattic\WooCommerce\GoogleListingsAndAds\Product\WCProductAdapter::map_product_categories Product category (ID: 2291): ["Sleeveless"].
2025-10-24T03:03:21+00:00 DEBUG Automattic\WooCommerce\GoogleListingsAndAds\Product\WCProductAdapter::map_product_categories Product category (ID: 2295): ["Necklace"].
2025-10-24T03:03:21+00:00 DEBUG Automattic\WooCommerce\GoogleListingsAndAds\Product\WCProductAdapter::map_product_categories Product category (ID: 2297): ["Heavy Jacket"].
2025-10-24T03:03:21+00:00 DEBUG Automattic\WooCommerce\GoogleListingsAndAds\Product\WCProductAdapter::map_product_categories Product category (ID: 2299): ["Astin"].
2025-10-24T03:03:21+00:00 DEBUG Automattic\WooCommerce\GoogleListingsAndAds\Product\WCProductAdapter::map_product_categories Product category (ID: 2301): ["All Over"].
2025-10-24T03:03:21+00:00 DEBUG Automattic\WooCommerce\GoogleListingsAndAds\Product\WCProductAdapter::map_product_categories Product category (ID: 2303): ["All Over"].
2025-10-24T03:03:21+00:00 DEBUG Automattic\WooCommerce\GoogleListingsAndAds\Product\WCProductAdapter::map_product_categories Product category (ID: 2305): ["Astin"].
2025-10-24T03:03:21+00:00 DEBUG Automattic\WooCommerce\GoogleListingsAndAds\Product\WCProductAdapter::map_product_categories Product category (ID: 2307): ["Belt"].
2025-10-24T03:03:21+00:00 DEBUG Automattic\WooCommerce\GoogleListingsAndAds\Product\WCProductAdapter::map_product_categories Product category (ID: 2309): ["Jal"].
2025-10-24T03:03:21+00:00 DEBUG Automattic\WooCommerce\GoogleListingsAndAds\Product\WCProductAdapter::map_product_categories Product category (ID: 2311): ["All Over"].
2025-10-24T03:03:21+00:00 DEBUG Automattic\WooCommerce\GoogleListingsAndAds\Product\WCProductAdapter::map_product_categories Product category (ID: 2313): ["Belt"].
2025-10-24T03:03:21+00:00 DEBUG Automattic\WooCommerce\GoogleListingsAndAds\Product\WCProductAdapter::map_product_categories Product category (ID: 2315): ["Astin"].
2025-10-24T03:03:23+00:00 DEBUG Automattic\WooCommerce\GoogleListingsAndAds\Product\ProductSyncer::update_by_batch_requests Submitted 100 products:
[{"woocommerce_id":1823,"google_id":"online:en:IN:gla_1823"},{"woocommerce_id":1845,"google_id":"online:en:IN:gla_1845"},{"woocommerce_id":1849,"google_id":"online:en:IN:gla_1849"},{"woocommerce_id":1853,"google_id":"online:en:IN:gla_1853"},{"woocommerce_id":1857,"google_id":"online:en:IN:gla_1857"},{"woocommerce_id":1864,"google_id":"online:en:IN:gla_1864"},{"woocommerce_id":1866,"google_id":"online:en:IN:gla_1866"},{"woocommerce_id":1884,"google_id":"online:en:IN:gla_1884"},{"woocommerce_id":1892,"google_id":"online:en:IN:gla_1892"},{"woocommerce_id":1894,"google_id":"online:en:IN:gla_1894"},{"woocommerce_id":1896,"google_id":"online:en:IN:gla_1896"},{"woocommerce_id":1904,"google_id":"online:en:IN:gla_1904"},{"woocommerce_id":1906,"google_id":"online:en:IN:gla_1906"},{"woocommerce_id":1908,"google_id":"online:en:IN:gla_1908"},{"woocommerce_id":1924,"google_id":"online:en:IN:gla_1924"},{"woocommerce_id":1928,"google_id":"online:en:IN:gla_1928"},{"woocommerce_id":1939,"google_id":"online:en:IN:gla_1939"},{"woocommerce_id":1945,"google_id":"online:en:IN:gla_1945"},{"woocommerce_id":1947,"google_id":"online:en:IN:gla_1947"},{"woocommerce_id":1959,"google_id":"online:en:IN:gla_1959"},{"woocommerce_id":1963,"google_id":"online:en:IN:gla_1963"},{"woocommerce_id":1967,"google_id":"online:en:IN:gla_1967"},{"woocommerce_id":1975,"google_id":"online:en:IN:gla_1975"},{"woocommerce_id":1977,"google_id":"online:en:IN:gla_1977"},{"woocommerce_id":1985,"google_id":"online:en:IN:gla_1985"},{"woocommerce_id":1993,"google_id":"online:en:IN:gla_1993"},{"woocommerce_id":2033,"google_id":"online:en:IN:gla_2033"},{"woocommerce_id":2035,"google_id":"online:en:IN:gla_2035"},{"woocommerce_id":2045,"google_id":"online:en:IN:gla_2045"},{"woocommerce_id":2059,"google_id":"online:en:IN:gla_2059"},{"woocommerce_id":2063,"google_id":"online:en:IN:gla_2063"},{"woocommerce_id":2085,"google_id":"online:en:IN:gla_2085"},{"woocommerce_id":2115,"google_id":"online:en:IN:gla_2115"},{"woocommerce_id":2141,"google_id":"online:en:IN:gla_2141"},{"woocommerce_id":2145,"google_id":"online:en:IN:gla_2145"},{"woocommerce_id":2161,"google_id":"online:en:IN:gla_2161"},{"woocommerce_id":2169,"google_id":"online:en:IN:gla_2169"},{"woocommerce_id":2171,"google_id":"online:en:IN:gla_2171"},{"woocommerce_id":2173,"google_id":"online:en:IN:gla_2173"},{"woocommerce_id":2177,"google_id":"online:en:IN:gla_2177"},{"woocommerce_id":2179,"google_id":"online:en:IN:gla_2179"},{"woocommerce_id":2183,"google_id":"online:en:IN:gla_2183"},{"woocommerce_id":2185,"google_id":"online:en:IN:gla_2185"},{"woocommerce_id":2187,"google_id":"online:en:IN:gla_2187"},{"woocommerce_id":2189,"google_id":"online:en:IN:gla_2189"},{"woocommerce_id":2191,"google_id":"online:en:IN:gla_2191"},{"woocommerce_id":2193,"google_id":"online:en:IN:gla_2193"},{"woocommerce_id":2195,"google_id":"online:en:IN:gla_2195"},{"woocommerce_id":2197,"google_id":"online:en:IN:gla_2197"},{"woocommerce_id":2199,"google_id":"online:en:IN:gla_2199"},{"woocommerce_id":2203,"google_id":"online:en:IN:gla_2203"},{"woocommerce_id":2205,"google_id":"online:en:IN:gla_2205"},{"woocommerce_id":2207,"google_id":"online:en:IN:gla_2207"},{"woocommerce_id":2209,"google_id":"online:en:IN:gla_2209"},{"woocommerce_id":2211,"google_id":"online:en:IN:gla_2211"},{"woocommerce_id":2213,"google_id":"online:en:IN:gla_2213"},{"woocommerce_id":2215,"google_id":"online:en:IN:gla_2215"},{"woocommerce_id":2217,"google_id":"online:en:IN:gla_2217"},{"woocommerce_id":2219,"google_id":"online:en:IN:gla_2219"},{"woocommerce_id":2221,"google_id":"online:en:IN:gla_2221"},{"woocommerce_id":2223,"google_id":"online:en:IN:gla_2223"},{"woocommerce_id":2225,"google_id":"online:en:IN:gla_2225"},{"woocommerce_id":2227,"google_id":"online:en:IN:gla_2227"},{"woocommerce_id":2229,"google_id":"online:en:IN:gla_2229"},{"woocommerce_id":2231,"google_id":"online:en:IN:gla_2231"},{"woocommerce_id":2233,"google_id":"online:en:IN:gla_2233"},{"woocommerce_id":2235,"google_id":"online:en:IN:gla_2235"},{"woocommerce_id":2237,"google_id":"online:en:IN:gla_2237"},{"woocommerce_id":2243,"google_id":"online:en:IN:gla_2243"},{"woocommerce_id":2245,"google_id":"online:en:IN:gla_2245"},{"woocommerce_id":2247,"google_id":"online:en:IN:gla_2247"},{"woocommerce_id":2251,"google_id":"online:en:IN:gla_2251"},{"woocommerce_id":2253,"google_id":"online:en:IN:gla_2253"},{"woocommerce_id":2257,"google_id":"online:en:IN:gla_2257"},{"woocommerce_id":2259,"google_id":"online:en:IN:gla_2259"},{"woocommerce_id":2261,"google_id":"online:en:IN:gla_2261"},{"woocommerce_id":2263,"google_id":"online:en:IN:gla_2263"},{"woocommerce_id":2265,"google_id":"online:en:IN:gla_2265"},{"woocommerce_id":2267,"google_id":"online:en:IN:gla_2267"},{"woocommerce_id":2271,"google_id":"online:en:IN:gla_2271"},{"woocommerce_id":2273,"google_id":"online:en:IN:gla_2273"},{"woocommerce_id":2275,"google_id":"online:en:IN:gla_2275"},{"woocommerce_id":2277,"google_id":"online:en:IN:gla_2277"},{"woocommerce_id":2279,"google_id":"online:en:IN:gla_2279"},{"woocommerce_id":2281,"google_id":"online:en:IN:gla_2281"},{"woocommerce_id":2283,"google_id":"online:en:IN:gla_2283"},{"woocommerce_id":2287,"google_id":"online:en:IN:gla_2287"},{"woocommerce_id":2289,"google_id":"online:en:IN:gla_2289"},{"woocommerce_id":2291,"google_id":"online:en:IN:gla_2291"},{"woocommerce_id":2295,"google_id":"online:en:IN:gla_2295"},{"woocommerce_id":2297,"google_id":"online:en:IN:gla_2297"},{"woocommerce_id":2299,"google_id":"online:en:IN:gla_2299"},{"woocommerce_id":2301,"google_id":"online:en:IN:gla_2301"},{"woocommerce_id":2303,"google_id":"online:en:IN:gla_2303"},{"woocommerce_id":2305,"google_id":"online:en:IN:gla_2305"},{"woocommerce_id":2307,"google_id":"online:en:IN:gla_2307"},{"woocommerce_id":2309,"google_id":"online:en:IN:gla_2309"},{"woocommerce_id":2311,"google_id":"online:en:IN:gla_2311"},{"woocommerce_id":2313,"google_id":"online:en:IN:gla_2313"},{"woocommerce_id":2315,"google_id":"online:en:IN:gla_2315"}]
