2025-10-26T03:03:05+00:00 DEBUG Automattic\WooCommerce\GoogleListingsAndAds\Product\WCProductAdapter::map_product_categories Product category (ID: 2556): ["Belt"].
2025-10-26T03:03:05+00:00 DEBUG Automattic\WooCommerce\GoogleListingsAndAds\Product\WCProductAdapter::map_product_categories Product category (ID: 2558): ["Heavy Jacket"].
2025-10-26T03:03:05+00:00 DEBUG Automattic\WooCommerce\GoogleListingsAndAds\Product\WCProductAdapter::map_product_categories Product category (ID: 2560): ["Hheavy Jaal"].
2025-10-26T03:03:05+00:00 DEBUG Automattic\WooCommerce\GoogleListingsAndAds\Product\WCProductAdapter::map_product_categories Product category (ID: 2564): ["Sleeveless"].
2025-10-26T03:03:05+00:00 DEBUG Automattic\WooCommerce\GoogleListingsAndAds\Product\WCProductAdapter::map_product_categories Product category (ID: 2566): ["Hheavy Jaal"].
2025-10-26T03:03:05+00:00 DEBUG Automattic\WooCommerce\GoogleListingsAndAds\Product\WCProductAdapter::map_product_categories Product category (ID: 2570): ["Jacket"].
2025-10-26T03:03:05+00:00 DEBUG Automattic\WooCommerce\GoogleListingsAndAds\Product\WCProductAdapter::map_product_categories Product category (ID: 2572): ["Astin"].
2025-10-26T03:03:05+00:00 DEBUG Automattic\WooCommerce\GoogleListingsAndAds\Product\WCProductAdapter::map_product_categories Product category (ID: 2578): ["Full Body"].
2025-10-26T03:03:05+00:00 DEBUG Automattic\WooCommerce\GoogleListingsAndAds\Product\WCProductAdapter::map_product_categories Product category (ID: 2580): ["Buta"].
2025-10-26T03:03:05+00:00 DEBUG Automattic\WooCommerce\GoogleListingsAndAds\Product\WCProductAdapter::map_product_categories Product category (ID: 2582): ["Full Body"].
2025-10-26T03:03:05+00:00 DEBUG Automattic\WooCommerce\GoogleListingsAndAds\Product\WCProductAdapter::map_product_categories Product category (ID: 2584): ["Jacket"].
2025-10-26T03:03:05+00:00 DEBUG Automattic\WooCommerce\GoogleListingsAndAds\Product\WCProductAdapter::map_product_categories Product category (ID: 2586): ["Jacket"].
2025-10-26T03:03:05+00:00 DEBUG Automattic\WooCommerce\GoogleListingsAndAds\Product\WCProductAdapter::map_product_categories Product category (ID: 2588): ["Astin"].
2025-10-26T03:03:05+00:00 DEBUG Automattic\WooCommerce\GoogleListingsAndAds\Product\WCProductAdapter::map_product_categories Product category (ID: 2590): ["Buta"].
2025-10-26T03:03:05+00:00 DEBUG Automattic\WooCommerce\GoogleListingsAndAds\Product\WCProductAdapter::map_product_categories Product category (ID: 2592): ["Sleeveless"].
2025-10-26T03:03:05+00:00 DEBUG Automattic\WooCommerce\GoogleListingsAndAds\Product\WCProductAdapter::map_product_categories Product category (ID: 2596): ["Jal"].
2025-10-26T03:03:05+00:00 DEBUG Automattic\WooCommerce\GoogleListingsAndAds\Product\WCProductAdapter::map_product_categories Product category (ID: 2598): ["Kali"].
2025-10-26T03:03:05+00:00 DEBUG Automattic\WooCommerce\GoogleListingsAndAds\Product\WCProductAdapter::map_product_categories Product category (ID: 2600): ["All Over"].
2025-10-26T03:03:05+00:00 DEBUG Automattic\WooCommerce\GoogleListingsAndAds\Product\WCProductAdapter::map_product_categories Product category (ID: 2602): ["Belt"].
2025-10-26T03:03:05+00:00 DEBUG Automattic\WooCommerce\GoogleListingsAndAds\Product\WCProductAdapter::map_product_categories Product category (ID: 2604): ["Astin"].
2025-10-26T03:03:05+00:00 DEBUG Automattic\WooCommerce\GoogleListingsAndAds\Product\WCProductAdapter::map_product_categories Product category (ID: 2608): ["Belt"].
2025-10-26T03:03:05+00:00 DEBUG Automattic\WooCommerce\GoogleListingsAndAds\Product\WCProductAdapter::map_product_categories Product category (ID: 2610): ["Sleeveless"].
2025-10-26T03:03:05+00:00 DEBUG Automattic\WooCommerce\GoogleListingsAndAds\Product\WCProductAdapter::map_product_categories Product category (ID: 2614): ["Full Body"].
2025-10-26T03:03:05+00:00 DEBUG Automattic\WooCommerce\GoogleListingsAndAds\Product\WCProductAdapter::map_product_categories Product category (ID: 2616): ["Jacket"].
2025-10-26T03:03:05+00:00 DEBUG Automattic\WooCommerce\GoogleListingsAndAds\Product\WCProductAdapter::map_product_categories Product category (ID: 2618): ["Jal"].
2025-10-26T03:03:05+00:00 DEBUG Automattic\WooCommerce\GoogleListingsAndAds\Product\WCProductAdapter::map_product_categories Product category (ID: 2622): ["Kurti"].
2025-10-26T03:03:05+00:00 DEBUG Automattic\WooCommerce\GoogleListingsAndAds\Product\WCProductAdapter::map_product_categories Product category (ID: 2624): ["Belt"].
2025-10-26T03:03:05+00:00 DEBUG Automattic\WooCommerce\GoogleListingsAndAds\Product\WCProductAdapter::map_product_categories Product category (ID: 2626): ["All Over"].
2025-10-26T03:03:05+00:00 DEBUG Automattic\WooCommerce\GoogleListingsAndAds\Product\WCProductAdapter::map_product_categories Product category (ID: 2628): ["Jal"].
2025-10-26T03:03:05+00:00 DEBUG Automattic\WooCommerce\GoogleListingsAndAds\Product\WCProductAdapter::map_product_categories Product category (ID: 2630): ["Full Body"].
2025-10-26T03:03:05+00:00 DEBUG Automattic\WooCommerce\GoogleListingsAndAds\Product\WCProductAdapter::map_product_categories Product category (ID: 2634): ["Jal"].
2025-10-26T03:03:05+00:00 DEBUG Automattic\WooCommerce\GoogleListingsAndAds\Product\WCProductAdapter::map_product_categories Product category (ID: 2636): ["All Over"].
2025-10-26T03:03:05+00:00 DEBUG Automattic\WooCommerce\GoogleListingsAndAds\Product\WCProductAdapter::map_product_categories Product category (ID: 2638): ["Full Body"].
2025-10-26T03:03:05+00:00 DEBUG Automattic\WooCommerce\GoogleListingsAndAds\Product\WCProductAdapter::map_product_categories Product category (ID: 2645): ["Jacket"].
2025-10-26T03:03:05+00:00 DEBUG Automattic\WooCommerce\GoogleListingsAndAds\Product\WCProductAdapter::map_product_categories Product category (ID: 2647): ["Full Body"].
2025-10-26T03:03:05+00:00 DEBUG Automattic\WooCommerce\GoogleListingsAndAds\Product\WCProductAdapter::map_product_categories Product category (ID: 2649): ["Astin"].
2025-10-26T03:03:05+00:00 DEBUG Automattic\WooCommerce\GoogleListingsAndAds\Product\WCProductAdapter::map_product_categories Product category (ID: 2651): ["All Over"].
2025-10-26T03:03:05+00:00 DEBUG Automattic\WooCommerce\GoogleListingsAndAds\Product\WCProductAdapter::map_product_categories Product category (ID: 2653): ["Hheavy Jaal"].
2025-10-26T03:03:05+00:00 DEBUG Automattic\WooCommerce\GoogleListingsAndAds\Product\WCProductAdapter::map_product_categories Product category (ID: 2657): ["Full Body"].
2025-10-26T03:03:05+00:00 DEBUG Automattic\WooCommerce\GoogleListingsAndAds\Product\WCProductAdapter::map_product_categories Product category (ID: 2659): ["All Over"].
2025-10-26T03:03:05+00:00 DEBUG Automattic\WooCommerce\GoogleListingsAndAds\Product\WCProductAdapter::map_product_categories Product category (ID: 2661): ["All Over"].
2025-10-26T03:03:05+00:00 DEBUG Automattic\WooCommerce\GoogleListingsAndAds\Product\WCProductAdapter::map_product_categories Product category (ID: 2663): ["All Over"].
2025-10-26T03:03:05+00:00 DEBUG Automattic\WooCommerce\GoogleListingsAndAds\Product\WCProductAdapter::map_product_categories Product category (ID: 2665): ["Full Body"].
2025-10-26T03:03:05+00:00 DEBUG Automattic\WooCommerce\GoogleListingsAndAds\Product\WCProductAdapter::map_product_categories Product category (ID: 2667): ["Belt"].
2025-10-26T03:03:05+00:00 DEBUG Automattic\WooCommerce\GoogleListingsAndAds\Product\WCProductAdapter::map_product_categories Product category (ID: 2669): ["Jacket"].
2025-10-26T03:03:05+00:00 DEBUG Automattic\WooCommerce\GoogleListingsAndAds\Product\WCProductAdapter::map_product_categories Product category (ID: 2671): ["Sleeveless"].
2025-10-26T03:03:05+00:00 DEBUG Automattic\WooCommerce\GoogleListingsAndAds\Product\WCProductAdapter::map_product_categories Product category (ID: 2673): ["Astin"].
2025-10-26T03:03:05+00:00 DEBUG Automattic\WooCommerce\GoogleListingsAndAds\Product\WCProductAdapter::map_product_categories Product category (ID: 2675): ["Kurti"].
2025-10-26T03:03:05+00:00 DEBUG Automattic\WooCommerce\GoogleListingsAndAds\Product\WCProductAdapter::map_product_categories Product category (ID: 2677): ["Belt"].
2025-10-26T03:03:05+00:00 DEBUG Automattic\WooCommerce\GoogleListingsAndAds\Product\WCProductAdapter::map_product_categories Product category (ID: 2681): ["Belt"].
2025-10-26T03:03:05+00:00 DEBUG Automattic\WooCommerce\GoogleListingsAndAds\Product\WCProductAdapter::map_product_categories Product category (ID: 2685): ["Jacket"].
2025-10-26T03:03:05+00:00 DEBUG Automattic\WooCommerce\GoogleListingsAndAds\Product\WCProductAdapter::map_product_categories Product category (ID: 2687): ["Jal"].
2025-10-26T03:03:05+00:00 DEBUG Automattic\WooCommerce\GoogleListingsAndAds\Product\WCProductAdapter::map_product_categories Product category (ID: 2689): ["Aliya"].
2025-10-26T03:03:05+00:00 DEBUG Automattic\WooCommerce\GoogleListingsAndAds\Product\WCProductAdapter::map_product_categories Product category (ID: 2691): ["Hheavy Jaal"].
2025-10-26T03:03:05+00:00 DEBUG Automattic\WooCommerce\GoogleListingsAndAds\Product\WCProductAdapter::map_product_categories Product category (ID: 2693): ["Full Body"].
2025-10-26T03:03:05+00:00 DEBUG Automattic\WooCommerce\GoogleListingsAndAds\Product\WCProductAdapter::map_product_categories Product category (ID: 2695): ["All Over"].
2025-10-26T03:03:05+00:00 DEBUG Automattic\WooCommerce\GoogleListingsAndAds\Product\WCProductAdapter::map_product_categories Product category (ID: 2697): ["Jal"].
2025-10-26T03:03:05+00:00 DEBUG Automattic\WooCommerce\GoogleListingsAndAds\Product\WCProductAdapter::map_product_categories Product category (ID: 2699): ["Full Body"].
2025-10-26T03:03:05+00:00 DEBUG Automattic\WooCommerce\GoogleListingsAndAds\Product\WCProductAdapter::map_product_categories Product category (ID: 2701): ["Belt"].
2025-10-26T03:03:05+00:00 DEBUG Automattic\WooCommerce\GoogleListingsAndAds\Product\WCProductAdapter::map_product_categories Product category (ID: 2703): ["Full Body"].
2025-10-26T03:03:05+00:00 DEBUG Automattic\WooCommerce\GoogleListingsAndAds\Product\WCProductAdapter::map_product_categories Product category (ID: 2705): ["All Over"].
2025-10-26T03:03:05+00:00 DEBUG Automattic\WooCommerce\GoogleListingsAndAds\Product\WCProductAdapter::map_product_categories Product category (ID: 2707): ["Full Body"].
2025-10-26T03:03:05+00:00 DEBUG Automattic\WooCommerce\GoogleListingsAndAds\Product\WCProductAdapter::map_product_categories Product category (ID: 2709): ["Belt"].
2025-10-26T03:03:05+00:00 DEBUG Automattic\WooCommerce\GoogleListingsAndAds\Product\WCProductAdapter::map_product_categories Product category (ID: 2711): ["Full Body"].
2025-10-26T03:03:05+00:00 DEBUG Automattic\WooCommerce\GoogleListingsAndAds\Product\WCProductAdapter::map_product_categories Product category (ID: 2713): ["All Over"].
2025-10-26T03:03:05+00:00 DEBUG Automattic\WooCommerce\GoogleListingsAndAds\Product\WCProductAdapter::map_product_categories Product category (ID: 2715): ["Full Body"].
2025-10-26T03:03:05+00:00 DEBUG Automattic\WooCommerce\GoogleListingsAndAds\Product\WCProductAdapter::map_product_categories Product category (ID: 2717): ["Belt"].
2025-10-26T03:03:05+00:00 DEBUG Automattic\WooCommerce\GoogleListingsAndAds\Product\WCProductAdapter::map_product_categories Product category (ID: 2719): ["Jal"].
2025-10-26T03:03:05+00:00 DEBUG Automattic\WooCommerce\GoogleListingsAndAds\Product\WCProductAdapter::map_product_categories Product category (ID: 2721): ["Jal"].
2025-10-26T03:03:05+00:00 DEBUG Automattic\WooCommerce\GoogleListingsAndAds\Product\WCProductAdapter::map_product_categories Product category (ID: 2723): ["All Over"].
2025-10-26T03:03:05+00:00 DEBUG Automattic\WooCommerce\GoogleListingsAndAds\Product\WCProductAdapter::map_product_categories Product category (ID: 2725): ["Full Body"].
2025-10-26T03:03:05+00:00 DEBUG Automattic\WooCommerce\GoogleListingsAndAds\Product\WCProductAdapter::map_product_categories Product category (ID: 2729): ["All Over"].
2025-10-26T03:03:05+00:00 DEBUG Automattic\WooCommerce\GoogleListingsAndAds\Product\WCProductAdapter::map_product_categories Product category (ID: 2731): ["Full Body"].
2025-10-26T03:03:05+00:00 DEBUG Automattic\WooCommerce\GoogleListingsAndAds\Product\WCProductAdapter::map_product_categories Product category (ID: 2733): ["Full Body"].
2025-10-26T03:03:05+00:00 DEBUG Automattic\WooCommerce\GoogleListingsAndAds\Product\WCProductAdapter::map_product_categories Product category (ID: 2735): ["Full Body"].
2025-10-26T03:03:05+00:00 DEBUG Automattic\WooCommerce\GoogleListingsAndAds\Product\WCProductAdapter::map_product_categories Product category (ID: 2737): ["Full Body"].
2025-10-26T03:03:05+00:00 DEBUG Automattic\WooCommerce\GoogleListingsAndAds\Product\WCProductAdapter::map_product_categories Product category (ID: 2739): ["Jal"].
2025-10-26T03:03:05+00:00 DEBUG Automattic\WooCommerce\GoogleListingsAndAds\Product\WCProductAdapter::map_product_categories Product category (ID: 2741): ["Hheavy Jaal"].
2025-10-26T03:03:05+00:00 DEBUG Automattic\WooCommerce\GoogleListingsAndAds\Product\WCProductAdapter::map_product_categories Product category (ID: 2743): ["Jal"].
2025-10-26T03:03:05+00:00 DEBUG Automattic\WooCommerce\GoogleListingsAndAds\Product\WCProductAdapter::map_product_categories Product category (ID: 2745): ["Full Body"].
2025-10-26T03:03:05+00:00 DEBUG Automattic\WooCommerce\GoogleListingsAndAds\Product\WCProductAdapter::map_product_categories Product category (ID: 2747): ["Heavy Jacket"].
2025-10-26T03:03:05+00:00 DEBUG Automattic\WooCommerce\GoogleListingsAndAds\Product\WCProductAdapter::map_product_categories Product category (ID: 2749): ["Sleeveless"].
2025-10-26T03:03:05+00:00 DEBUG Automattic\WooCommerce\GoogleListingsAndAds\Product\WCProductAdapter::map_product_categories Product category (ID: 2753): ["All Over"].
2025-10-26T03:03:05+00:00 DEBUG Automattic\WooCommerce\GoogleListingsAndAds\Product\WCProductAdapter::map_product_categories Product category (ID: 2771): ["Belt"].
2025-10-26T03:03:05+00:00 DEBUG Automattic\WooCommerce\GoogleListingsAndAds\Product\WCProductAdapter::map_product_categories Product category (ID: 2773): ["Full Body"].
2025-10-26T03:03:05+00:00 DEBUG Automattic\WooCommerce\GoogleListingsAndAds\Product\WCProductAdapter::map_product_categories Product category (ID: 2775): ["Belt"].
2025-10-26T03:03:05+00:00 DEBUG Automattic\WooCommerce\GoogleListingsAndAds\Product\WCProductAdapter::map_product_categories Product category (ID: 2777): ["All Over"].
2025-10-26T03:03:05+00:00 DEBUG Automattic\WooCommerce\GoogleListingsAndAds\Product\WCProductAdapter::map_product_categories Product category (ID: 2779): ["Sleeveless"].
2025-10-26T03:03:05+00:00 DEBUG Automattic\WooCommerce\GoogleListingsAndAds\Product\WCProductAdapter::map_product_categories Product category (ID: 2783): ["Jacket"].
2025-10-26T03:03:05+00:00 DEBUG Automattic\WooCommerce\GoogleListingsAndAds\Product\WCProductAdapter::map_product_categories Product category (ID: 2785): ["Heavy Jacket"].
2025-10-26T03:03:05+00:00 DEBUG Automattic\WooCommerce\GoogleListingsAndAds\Product\WCProductAdapter::map_product_categories Product category (ID: 2789): ["All Over"].
2025-10-26T03:03:05+00:00 DEBUG Automattic\WooCommerce\GoogleListingsAndAds\Product\WCProductAdapter::map_product_categories Product category (ID: 2791): ["All Over"].
2025-10-26T03:03:05+00:00 DEBUG Automattic\WooCommerce\GoogleListingsAndAds\Product\WCProductAdapter::map_product_categories Product category (ID: 2793): ["Sleeveless"].
2025-10-26T03:03:05+00:00 DEBUG Automattic\WooCommerce\GoogleListingsAndAds\Product\WCProductAdapter::map_product_categories Product category (ID: 2795): ["Heavy Jacket"].
2025-10-26T03:03:05+00:00 DEBUG Automattic\WooCommerce\GoogleListingsAndAds\Product\WCProductAdapter::map_product_categories Product category (ID: 2797): ["Hheavy Jaal"].
2025-10-26T03:03:05+00:00 DEBUG Automattic\WooCommerce\GoogleListingsAndAds\Product\WCProductAdapter::map_product_categories Product category (ID: 2799): ["Sleeveless"].
2025-10-26T03:03:05+00:00 DEBUG Automattic\WooCommerce\GoogleListingsAndAds\Product\WCProductAdapter::map_product_categories Product category (ID: 2801): ["Sleeveless"].
2025-10-26T03:03:05+00:00 DEBUG Automattic\WooCommerce\GoogleListingsAndAds\Product\WCProductAdapter::map_product_categories Product category (ID: 2803): ["Sleeveless"].
2025-10-26T03:03:05+00:00 DEBUG Automattic\WooCommerce\GoogleListingsAndAds\Product\WCProductAdapter::map_product_categories Product category (ID: 2805): ["Sleeveless"].
2025-10-26T03:03:05+00:00 DEBUG Automattic\WooCommerce\GoogleListingsAndAds\Product\WCProductAdapter::map_product_categories Product category (ID: 2807): ["Belt"].
2025-10-26T03:03:07+00:00 DEBUG Automattic\WooCommerce\GoogleListingsAndAds\Product\ProductSyncer::update_by_batch_requests Submitted 100 products:
[{"woocommerce_id":2556,"google_id":"online:en:IN:gla_2556"},{"woocommerce_id":2558,"google_id":"online:en:IN:gla_2558"},{"woocommerce_id":2560,"google_id":"online:en:IN:gla_2560"},{"woocommerce_id":2564,"google_id":"online:en:IN:gla_2564"},{"woocommerce_id":2566,"google_id":"online:en:IN:gla_2566"},{"woocommerce_id":2570,"google_id":"online:en:IN:gla_2570"},{"woocommerce_id":2572,"google_id":"online:en:IN:gla_2572"},{"woocommerce_id":2578,"google_id":"online:en:IN:gla_2578"},{"woocommerce_id":2580,"google_id":"online:en:IN:gla_2580"},{"woocommerce_id":2582,"google_id":"online:en:IN:gla_2582"},{"woocommerce_id":2584,"google_id":"online:en:IN:gla_2584"},{"woocommerce_id":2586,"google_id":"online:en:IN:gla_2586"},{"woocommerce_id":2588,"google_id":"online:en:IN:gla_2588"},{"woocommerce_id":2590,"google_id":"online:en:IN:gla_2590"},{"woocommerce_id":2592,"google_id":"online:en:IN:gla_2592"},{"woocommerce_id":2596,"google_id":"online:en:IN:gla_2596"},{"woocommerce_id":2598,"google_id":"online:en:IN:gla_2598"},{"woocommerce_id":2600,"google_id":"online:en:IN:gla_2600"},{"woocommerce_id":2602,"google_id":"online:en:IN:gla_2602"},{"woocommerce_id":2604,"google_id":"online:en:IN:gla_2604"},{"woocommerce_id":2608,"google_id":"online:en:IN:gla_2608"},{"woocommerce_id":2610,"google_id":"online:en:IN:gla_2610"},{"woocommerce_id":2614,"google_id":"online:en:IN:gla_2614"},{"woocommerce_id":2616,"google_id":"online:en:IN:gla_2616"},{"woocommerce_id":2618,"google_id":"online:en:IN:gla_2618"},{"woocommerce_id":2622,"google_id":"online:en:IN:gla_2622"},{"woocommerce_id":2624,"google_id":"online:en:IN:gla_2624"},{"woocommerce_id":2626,"google_id":"online:en:IN:gla_2626"},{"woocommerce_id":2628,"google_id":"online:en:IN:gla_2628"},{"woocommerce_id":2630,"google_id":"online:en:IN:gla_2630"},{"woocommerce_id":2634,"google_id":"online:en:IN:gla_2634"},{"woocommerce_id":2636,"google_id":"online:en:IN:gla_2636"},{"woocommerce_id":2638,"google_id":"online:en:IN:gla_2638"},{"woocommerce_id":2645,"google_id":"online:en:IN:gla_2645"},{"woocommerce_id":2647,"google_id":"online:en:IN:gla_2647"},{"woocommerce_id":2649,"google_id":"online:en:IN:gla_2649"},{"woocommerce_id":2651,"google_id":"online:en:IN:gla_2651"},{"woocommerce_id":2653,"google_id":"online:en:IN:gla_2653"},{"woocommerce_id":2657,"google_id":"online:en:IN:gla_2657"},{"woocommerce_id":2659,"google_id":"online:en:IN:gla_2659"},{"woocommerce_id":2661,"google_id":"online:en:IN:gla_2661"},{"woocommerce_id":2663,"google_id":"online:en:IN:gla_2663"},{"woocommerce_id":2665,"google_id":"online:en:IN:gla_2665"},{"woocommerce_id":2667,"google_id":"online:en:IN:gla_2667"},{"woocommerce_id":2669,"google_id":"online:en:IN:gla_2669"},{"woocommerce_id":2671,"google_id":"online:en:IN:gla_2671"},{"woocommerce_id":2673,"google_id":"online:en:IN:gla_2673"},{"woocommerce_id":2675,"google_id":"online:en:IN:gla_2675"},{"woocommerce_id":2677,"google_id":"online:en:IN:gla_2677"},{"woocommerce_id":2681,"google_id":"online:en:IN:gla_2681"},{"woocommerce_id":2685,"google_id":"online:en:IN:gla_2685"},{"woocommerce_id":2687,"google_id":"online:en:IN:gla_2687"},{"woocommerce_id":2689,"google_id":"online:en:IN:gla_2689"},{"woocommerce_id":2691,"google_id":"online:en:IN:gla_2691"},{"woocommerce_id":2693,"google_id":"online:en:IN:gla_2693"},{"woocommerce_id":2695,"google_id":"online:en:IN:gla_2695"},{"woocommerce_id":2697,"google_id":"online:en:IN:gla_2697"},{"woocommerce_id":2699,"google_id":"online:en:IN:gla_2699"},{"woocommerce_id":2701,"google_id":"online:en:IN:gla_2701"},{"woocommerce_id":2703,"google_id":"online:en:IN:gla_2703"},{"woocommerce_id":2705,"google_id":"online:en:IN:gla_2705"},{"woocommerce_id":2707,"google_id":"online:en:IN:gla_2707"},{"woocommerce_id":2709,"google_id":"online:en:IN:gla_2709"},{"woocommerce_id":2711,"google_id":"online:en:IN:gla_2711"},{"woocommerce_id":2713,"google_id":"online:en:IN:gla_2713"},{"woocommerce_id":2715,"google_id":"online:en:IN:gla_2715"},{"woocommerce_id":2717,"google_id":"online:en:IN:gla_2717"},{"woocommerce_id":2719,"google_id":"online:en:IN:gla_2719"},{"woocommerce_id":2721,"google_id":"online:en:IN:gla_2721"},{"woocommerce_id":2723,"google_id":"online:en:IN:gla_2723"},{"woocommerce_id":2725,"google_id":"online:en:IN:gla_2725"},{"woocommerce_id":2729,"google_id":"online:en:IN:gla_2729"},{"woocommerce_id":2731,"google_id":"online:en:IN:gla_2731"},{"woocommerce_id":2733,"google_id":"online:en:IN:gla_2733"},{"woocommerce_id":2735,"google_id":"online:en:IN:gla_2735"},{"woocommerce_id":2737,"google_id":"online:en:IN:gla_2737"},{"woocommerce_id":2739,"google_id":"online:en:IN:gla_2739"},{"woocommerce_id":2741,"google_id":"online:en:IN:gla_2741"},{"woocommerce_id":2743,"google_id":"online:en:IN:gla_2743"},{"woocommerce_id":2745,"google_id":"online:en:IN:gla_2745"},{"woocommerce_id":2747,"google_id":"online:en:IN:gla_2747"},{"woocommerce_id":2749,"google_id":"online:en:IN:gla_2749"},{"woocommerce_id":2753,"google_id":"online:en:IN:gla_2753"},{"woocommerce_id":2771,"google_id":"online:en:IN:gla_2771"},{"woocommerce_id":2773,"google_id":"online:en:IN:gla_2773"},{"woocommerce_id":2775,"google_id":"online:en:IN:gla_2775"},{"woocommerce_id":2777,"google_id":"online:en:IN:gla_2777"},{"woocommerce_id":2779,"google_id":"online:en:IN:gla_2779"},{"woocommerce_id":2783,"google_id":"online:en:IN:gla_2783"},{"woocommerce_id":2785,"google_id":"online:en:IN:gla_2785"},{"woocommerce_id":2789,"google_id":"online:en:IN:gla_2789"},{"woocommerce_id":2791,"google_id":"online:en:IN:gla_2791"},{"woocommerce_id":2793,"google_id":"online:en:IN:gla_2793"},{"woocommerce_id":2795,"google_id":"online:en:IN:gla_2795"},{"woocommerce_id":2797,"google_id":"online:en:IN:gla_2797"},{"woocommerce_id":2799,"google_id":"online:en:IN:gla_2799"},{"woocommerce_id":2801,"google_id":"online:en:IN:gla_2801"},{"woocommerce_id":2803,"google_id":"online:en:IN:gla_2803"},{"woocommerce_id":2805,"google_id":"online:en:IN:gla_2805"},{"woocommerce_id":2807,"google_id":"online:en:IN:gla_2807"}]
