2025-10-25T03:05:23+00:00 DEBUG Automattic\WooCommerce\GoogleListingsAndAds\Product\WCProductAdapter::map_product_categories Product category (ID: 2317): ["Kali"].
2025-10-25T03:05:23+00:00 DEBUG Automattic\WooCommerce\GoogleListingsAndAds\Product\WCProductAdapter::map_product_categories Product category (ID: 2319): ["Kali"].
2025-10-25T03:05:23+00:00 DEBUG Automattic\WooCommerce\GoogleListingsAndAds\Product\WCProductAdapter::map_product_categories Product category (ID: 2321): ["Kali"].
2025-10-25T03:05:23+00:00 DEBUG Automattic\WooCommerce\GoogleListingsAndAds\Product\WCProductAdapter::map_product_categories Product category (ID: 2323): ["Jacket"].
2025-10-25T03:05:23+00:00 DEBUG Automattic\WooCommerce\GoogleListingsAndAds\Product\WCProductAdapter::map_product_categories Product category (ID: 2325): ["Full Body"].
2025-10-25T03:05:23+00:00 DEBUG Automattic\WooCommerce\GoogleListingsAndAds\Product\WCProductAdapter::map_product_categories Product category (ID: 2327): ["Sleeveless"].
2025-10-25T03:05:23+00:00 DEBUG Automattic\WooCommerce\GoogleListingsAndAds\Product\WCProductAdapter::map_product_categories Product category (ID: 2329): ["Belt"].
2025-10-25T03:05:23+00:00 DEBUG Automattic\WooCommerce\GoogleListingsAndAds\Product\WCProductAdapter::map_product_categories Product category (ID: 2331): ["Kurti"].
2025-10-25T03:05:23+00:00 DEBUG Automattic\WooCommerce\GoogleListingsAndAds\Product\WCProductAdapter::map_product_categories Product category (ID: 2333): ["Belt"].
2025-10-25T03:05:23+00:00 DEBUG Automattic\WooCommerce\GoogleListingsAndAds\Product\WCProductAdapter::map_product_categories Product category (ID: 2335): ["Belt"].
2025-10-25T03:05:23+00:00 DEBUG Automattic\WooCommerce\GoogleListingsAndAds\Product\WCProductAdapter::map_product_categories Product category (ID: 2337): ["Belt"].
2025-10-25T03:05:23+00:00 DEBUG Automattic\WooCommerce\GoogleListingsAndAds\Product\WCProductAdapter::map_product_categories Product category (ID: 2339): ["All Over"].
2025-10-25T03:05:23+00:00 DEBUG Automattic\WooCommerce\GoogleListingsAndAds\Product\WCProductAdapter::map_product_categories Product category (ID: 2341): ["Jacket"].
2025-10-25T03:05:23+00:00 DEBUG Automattic\WooCommerce\GoogleListingsAndAds\Product\WCProductAdapter::map_product_categories Product category (ID: 2343): ["Necklace"].
2025-10-25T03:05:23+00:00 DEBUG Automattic\WooCommerce\GoogleListingsAndAds\Product\WCProductAdapter::map_product_categories Product category (ID: 2345): ["All Over"].
2025-10-25T03:05:23+00:00 DEBUG Automattic\WooCommerce\GoogleListingsAndAds\Product\WCProductAdapter::map_product_categories Product category (ID: 2347): ["Half Body"].
2025-10-25T03:05:23+00:00 DEBUG Automattic\WooCommerce\GoogleListingsAndAds\Product\WCProductAdapter::map_product_categories Product category (ID: 2349): ["Uncategorized"].
2025-10-25T03:05:23+00:00 DEBUG Automattic\WooCommerce\GoogleListingsAndAds\Product\WCProductAdapter::map_product_categories Product category (ID: 2351): ["Hheavy Jaal"].
2025-10-25T03:05:23+00:00 DEBUG Automattic\WooCommerce\GoogleListingsAndAds\Product\WCProductAdapter::map_product_categories Product category (ID: 2353): ["Half Body"].
2025-10-25T03:05:23+00:00 DEBUG Automattic\WooCommerce\GoogleListingsAndAds\Product\WCProductAdapter::map_product_categories Product category (ID: 2355): ["All Over"].
2025-10-25T03:05:23+00:00 DEBUG Automattic\WooCommerce\GoogleListingsAndAds\Product\WCProductAdapter::map_product_categories Product category (ID: 2357): ["All Over"].
2025-10-25T03:05:23+00:00 DEBUG Automattic\WooCommerce\GoogleListingsAndAds\Product\WCProductAdapter::map_product_categories Product category (ID: 2359): ["All Over"].
2025-10-25T03:05:23+00:00 DEBUG Automattic\WooCommerce\GoogleListingsAndAds\Product\WCProductAdapter::map_product_categories Product category (ID: 2363): ["All Over"].
2025-10-25T03:05:23+00:00 DEBUG Automattic\WooCommerce\GoogleListingsAndAds\Product\WCProductAdapter::map_product_categories Product category (ID: 2365): ["All Over"].
2025-10-25T03:05:23+00:00 DEBUG Automattic\WooCommerce\GoogleListingsAndAds\Product\WCProductAdapter::map_product_categories Product category (ID: 2367): ["Belt"].
2025-10-25T03:05:23+00:00 DEBUG Automattic\WooCommerce\GoogleListingsAndAds\Product\WCProductAdapter::map_product_categories Product category (ID: 2381): ["Jacket"].
2025-10-25T03:05:23+00:00 DEBUG Automattic\WooCommerce\GoogleListingsAndAds\Product\WCProductAdapter::map_product_categories Product category (ID: 2383): ["All Over"].
2025-10-25T03:05:23+00:00 DEBUG Automattic\WooCommerce\GoogleListingsAndAds\Product\WCProductAdapter::map_product_categories Product category (ID: 2385): ["All Over"].
2025-10-25T03:05:23+00:00 DEBUG Automattic\WooCommerce\GoogleListingsAndAds\Product\WCProductAdapter::map_product_categories Product category (ID: 2387): ["Heavy Jacket"].
2025-10-25T03:05:23+00:00 DEBUG Automattic\WooCommerce\GoogleListingsAndAds\Product\WCProductAdapter::map_product_categories Product category (ID: 2389): ["Belt"].
2025-10-25T03:05:23+00:00 DEBUG Automattic\WooCommerce\GoogleListingsAndAds\Product\WCProductAdapter::map_product_categories Product category (ID: 2391): ["Jal"].
2025-10-25T03:05:23+00:00 DEBUG Automattic\WooCommerce\GoogleListingsAndAds\Product\WCProductAdapter::map_product_categories Product category (ID: 2393): ["All Over"].
2025-10-25T03:05:23+00:00 DEBUG Automattic\WooCommerce\GoogleListingsAndAds\Product\WCProductAdapter::map_product_categories Product category (ID: 2395): ["Kurti"].
2025-10-25T03:05:23+00:00 DEBUG Automattic\WooCommerce\GoogleListingsAndAds\Product\WCProductAdapter::map_product_categories Product category (ID: 2399): ["Jal"].
2025-10-25T03:05:23+00:00 DEBUG Automattic\WooCommerce\GoogleListingsAndAds\Product\WCProductAdapter::map_product_categories Product category (ID: 2401): ["All Over"].
2025-10-25T03:05:23+00:00 DEBUG Automattic\WooCommerce\GoogleListingsAndAds\Product\WCProductAdapter::map_product_categories Product category (ID: 2403): ["Punjabi"].
2025-10-25T03:05:23+00:00 DEBUG Automattic\WooCommerce\GoogleListingsAndAds\Product\WCProductAdapter::map_product_categories Product category (ID: 2405): ["Belt"].
2025-10-25T03:05:23+00:00 DEBUG Automattic\WooCommerce\GoogleListingsAndAds\Product\WCProductAdapter::map_product_categories Product category (ID: 2407): ["All Over"].
2025-10-25T03:05:23+00:00 DEBUG Automattic\WooCommerce\GoogleListingsAndAds\Product\WCProductAdapter::map_product_categories Product category (ID: 2409): ["Cut"].
2025-10-25T03:05:23+00:00 DEBUG Automattic\WooCommerce\GoogleListingsAndAds\Product\WCProductAdapter::map_product_categories Product category (ID: 2411): ["Jal"].
2025-10-25T03:05:23+00:00 DEBUG Automattic\WooCommerce\GoogleListingsAndAds\Product\WCProductAdapter::map_product_categories Product category (ID: 2413): ["Jal"].
2025-10-25T03:05:23+00:00 DEBUG Automattic\WooCommerce\GoogleListingsAndAds\Product\WCProductAdapter::map_product_categories Product category (ID: 2415): ["Necklace"].
2025-10-25T03:05:23+00:00 DEBUG Automattic\WooCommerce\GoogleListingsAndAds\Product\WCProductAdapter::map_product_categories Product category (ID: 2417): ["All Over"].
2025-10-25T03:05:23+00:00 DEBUG Automattic\WooCommerce\GoogleListingsAndAds\Product\WCProductAdapter::map_product_categories Product category (ID: 2419): ["Full Body"].
2025-10-25T03:05:23+00:00 DEBUG Automattic\WooCommerce\GoogleListingsAndAds\Product\WCProductAdapter::map_product_categories Product category (ID: 2421): ["Hheavy Jaal"].
2025-10-25T03:05:23+00:00 DEBUG Automattic\WooCommerce\GoogleListingsAndAds\Product\WCProductAdapter::map_product_categories Product category (ID: 2423): ["Full Body"].
2025-10-25T03:05:23+00:00 DEBUG Automattic\WooCommerce\GoogleListingsAndAds\Product\WCProductAdapter::map_product_categories Product category (ID: 2425): ["Belt"].
2025-10-25T03:05:23+00:00 DEBUG Automattic\WooCommerce\GoogleListingsAndAds\Product\WCProductAdapter::map_product_categories Product category (ID: 2427): ["Kurti"].
2025-10-25T03:05:23+00:00 DEBUG Automattic\WooCommerce\GoogleListingsAndAds\Product\WCProductAdapter::map_product_categories Product category (ID: 2429): ["Jal"].
2025-10-25T03:05:23+00:00 DEBUG Automattic\WooCommerce\GoogleListingsAndAds\Product\WCProductAdapter::map_product_categories Product category (ID: 2431): ["All Over"].
2025-10-25T03:05:23+00:00 DEBUG Automattic\WooCommerce\GoogleListingsAndAds\Product\WCProductAdapter::map_product_categories Product category (ID: 2433): ["Buta"].
2025-10-25T03:05:23+00:00 DEBUG Automattic\WooCommerce\GoogleListingsAndAds\Product\WCProductAdapter::map_product_categories Product category (ID: 2435): ["Hheavy Jaal"].
2025-10-25T03:05:23+00:00 DEBUG Automattic\WooCommerce\GoogleListingsAndAds\Product\WCProductAdapter::map_product_categories Product category (ID: 2437): ["Hheavy Jaal"].
2025-10-25T03:05:23+00:00 DEBUG Automattic\WooCommerce\GoogleListingsAndAds\Product\WCProductAdapter::map_product_categories Product category (ID: 2439): ["Buta"].
2025-10-25T03:05:23+00:00 DEBUG Automattic\WooCommerce\GoogleListingsAndAds\Product\WCProductAdapter::map_product_categories Product category (ID: 2441): ["Hheavy Jaal"].
2025-10-25T03:05:23+00:00 DEBUG Automattic\WooCommerce\GoogleListingsAndAds\Product\WCProductAdapter::map_product_categories Product category (ID: 2443): ["Hheavy Jaal"].
2025-10-25T03:05:23+00:00 DEBUG Automattic\WooCommerce\GoogleListingsAndAds\Product\WCProductAdapter::map_product_categories Product category (ID: 2445): ["Heavy Jacket"].
2025-10-25T03:05:23+00:00 DEBUG Automattic\WooCommerce\GoogleListingsAndAds\Product\WCProductAdapter::map_product_categories Product category (ID: 2447): ["Full Body"].
2025-10-25T03:05:23+00:00 DEBUG Automattic\WooCommerce\GoogleListingsAndAds\Product\WCProductAdapter::map_product_categories Product category (ID: 2451): ["Jal"].
2025-10-25T03:05:23+00:00 DEBUG Automattic\WooCommerce\GoogleListingsAndAds\Product\WCProductAdapter::map_product_categories Product category (ID: 2453): ["Jal"].
2025-10-25T03:05:23+00:00 DEBUG Automattic\WooCommerce\GoogleListingsAndAds\Product\WCProductAdapter::map_product_categories Product category (ID: 2455): ["Jal"].
2025-10-25T03:05:23+00:00 DEBUG Automattic\WooCommerce\GoogleListingsAndAds\Product\WCProductAdapter::map_product_categories Product category (ID: 2457): ["Jal"].
2025-10-25T03:05:23+00:00 DEBUG Automattic\WooCommerce\GoogleListingsAndAds\Product\WCProductAdapter::map_product_categories Product category (ID: 2459): ["Jal"].
2025-10-25T03:05:23+00:00 DEBUG Automattic\WooCommerce\GoogleListingsAndAds\Product\WCProductAdapter::map_product_categories Product category (ID: 2461): ["Jal"].
2025-10-25T03:05:23+00:00 DEBUG Automattic\WooCommerce\GoogleListingsAndAds\Product\WCProductAdapter::map_product_categories Product category (ID: 2463): ["Jal"].
2025-10-25T03:05:23+00:00 DEBUG Automattic\WooCommerce\GoogleListingsAndAds\Product\WCProductAdapter::map_product_categories Product category (ID: 2467): ["Belt"].
2025-10-25T03:05:23+00:00 DEBUG Automattic\WooCommerce\GoogleListingsAndAds\Product\WCProductAdapter::map_product_categories Product category (ID: 2469): ["Jal"].
2025-10-25T03:05:23+00:00 DEBUG Automattic\WooCommerce\GoogleListingsAndAds\Product\WCProductAdapter::map_product_categories Product category (ID: 2471): ["Hheavy Jaal"].
2025-10-25T03:05:23+00:00 DEBUG Automattic\WooCommerce\GoogleListingsAndAds\Product\WCProductAdapter::map_product_categories Product category (ID: 2475): ["Belt"].
2025-10-25T03:05:23+00:00 DEBUG Automattic\WooCommerce\GoogleListingsAndAds\Product\WCProductAdapter::map_product_categories Product category (ID: 2477): ["Jal"].
2025-10-25T03:05:23+00:00 DEBUG Automattic\WooCommerce\GoogleListingsAndAds\Product\WCProductAdapter::map_product_categories Product category (ID: 2479): ["Hheavy Jaal"].
2025-10-25T03:05:23+00:00 DEBUG Automattic\WooCommerce\GoogleListingsAndAds\Product\WCProductAdapter::map_product_categories Product category (ID: 2483): ["Belt"].
2025-10-25T03:05:23+00:00 DEBUG Automattic\WooCommerce\GoogleListingsAndAds\Product\WCProductAdapter::map_product_categories Product category (ID: 2485): ["Jal"].
2025-10-25T03:05:23+00:00 DEBUG Automattic\WooCommerce\GoogleListingsAndAds\Product\WCProductAdapter::map_product_categories Product category (ID: 2487): ["Hheavy Jaal"].
2025-10-25T03:05:23+00:00 DEBUG Automattic\WooCommerce\GoogleListingsAndAds\Product\WCProductAdapter::map_product_categories Product category (ID: 2489): ["All Over"].
2025-10-25T03:05:23+00:00 DEBUG Automattic\WooCommerce\GoogleListingsAndAds\Product\WCProductAdapter::map_product_categories Product category (ID: 2491): ["Sleeveless"].
2025-10-25T03:05:23+00:00 DEBUG Automattic\WooCommerce\GoogleListingsAndAds\Product\WCProductAdapter::map_product_categories Product category (ID: 2495): ["Jal"].
2025-10-25T03:05:23+00:00 DEBUG Automattic\WooCommerce\GoogleListingsAndAds\Product\WCProductAdapter::map_product_categories Product category (ID: 2497): ["Jal"].
2025-10-25T03:05:23+00:00 DEBUG Automattic\WooCommerce\GoogleListingsAndAds\Product\WCProductAdapter::map_product_categories Product category (ID: 2499): ["Belt"].
2025-10-25T03:05:23+00:00 DEBUG Automattic\WooCommerce\GoogleListingsAndAds\Product\WCProductAdapter::map_product_categories Product category (ID: 2501): ["Jacket"].
2025-10-25T03:05:23+00:00 DEBUG Automattic\WooCommerce\GoogleListingsAndAds\Product\WCProductAdapter::map_product_categories Product category (ID: 2503): ["Astin"].
2025-10-25T03:05:23+00:00 DEBUG Automattic\WooCommerce\GoogleListingsAndAds\Product\WCProductAdapter::map_product_categories Product category (ID: 2505): ["Kali"].
2025-10-25T03:05:23+00:00 DEBUG Automattic\WooCommerce\GoogleListingsAndAds\Product\WCProductAdapter::map_product_categories Product category (ID: 2509): ["Full Body"].
2025-10-25T03:05:23+00:00 DEBUG Automattic\WooCommerce\GoogleListingsAndAds\Product\WCProductAdapter::map_product_categories Product category (ID: 2511): ["Belt"].
2025-10-25T03:05:23+00:00 DEBUG Automattic\WooCommerce\GoogleListingsAndAds\Product\WCProductAdapter::map_product_categories Product category (ID: 2513): ["Hheavy Jaal"].
2025-10-25T03:05:23+00:00 DEBUG Automattic\WooCommerce\GoogleListingsAndAds\Product\WCProductAdapter::map_product_categories Product category (ID: 2517): ["Aliya"].
2025-10-25T03:05:23+00:00 DEBUG Automattic\WooCommerce\GoogleListingsAndAds\Product\WCProductAdapter::map_product_categories Product category (ID: 2519): ["All Over"].
2025-10-25T03:05:23+00:00 DEBUG Automattic\WooCommerce\GoogleListingsAndAds\Product\WCProductAdapter::map_product_categories Product category (ID: 2521): ["Heavy Jacket"].
2025-10-25T03:05:23+00:00 DEBUG Automattic\WooCommerce\GoogleListingsAndAds\Product\WCProductAdapter::map_product_categories Product category (ID: 2523): ["Heavy Jacket"].
2025-10-25T03:05:23+00:00 DEBUG Automattic\WooCommerce\GoogleListingsAndAds\Product\WCProductAdapter::map_product_categories Product category (ID: 2525): ["Astin"].
2025-10-25T03:05:23+00:00 DEBUG Automattic\WooCommerce\GoogleListingsAndAds\Product\WCProductAdapter::map_product_categories Product category (ID: 2527): ["All Over"].
2025-10-25T03:05:23+00:00 DEBUG Automattic\WooCommerce\GoogleListingsAndAds\Product\WCProductAdapter::map_product_categories Product category (ID: 2529): ["All Over"].
2025-10-25T03:05:23+00:00 DEBUG Automattic\WooCommerce\GoogleListingsAndAds\Product\WCProductAdapter::map_product_categories Product category (ID: 2531): ["Heavy Jacket"].
2025-10-25T03:05:23+00:00 DEBUG Automattic\WooCommerce\GoogleListingsAndAds\Product\WCProductAdapter::map_product_categories Product category (ID: 2533): ["Full Body"].
2025-10-25T03:05:23+00:00 DEBUG Automattic\WooCommerce\GoogleListingsAndAds\Product\WCProductAdapter::map_product_categories Product category (ID: 2535): ["All Over"].
2025-10-25T03:05:23+00:00 DEBUG Automattic\WooCommerce\GoogleListingsAndAds\Product\WCProductAdapter::map_product_categories Product category (ID: 2537): ["Hheavy Jaal"].
2025-10-25T03:05:23+00:00 DEBUG Automattic\WooCommerce\GoogleListingsAndAds\Product\WCProductAdapter::map_product_categories Product category (ID: 2546): ["Heavy Jacket"].
2025-10-25T03:05:23+00:00 DEBUG Automattic\WooCommerce\GoogleListingsAndAds\Product\WCProductAdapter::map_product_categories Product category (ID: 2548): ["All Over"].
2025-10-25T03:05:23+00:00 DEBUG Automattic\WooCommerce\GoogleListingsAndAds\Product\WCProductAdapter::map_product_categories Product category (ID: 2550): ["Heavy Jacket"].
2025-10-25T03:05:23+00:00 DEBUG Automattic\WooCommerce\GoogleListingsAndAds\Product\WCProductAdapter::map_product_categories Product category (ID: 2552): ["Sleeveless"].
2025-10-25T03:05:25+00:00 DEBUG Automattic\WooCommerce\GoogleListingsAndAds\Product\ProductSyncer::update_by_batch_requests Submitted 100 products:
[{"woocommerce_id":2317,"google_id":"online:en:IN:gla_2317"},{"woocommerce_id":2319,"google_id":"online:en:IN:gla_2319"},{"woocommerce_id":2321,"google_id":"online:en:IN:gla_2321"},{"woocommerce_id":2323,"google_id":"online:en:IN:gla_2323"},{"woocommerce_id":2325,"google_id":"online:en:IN:gla_2325"},{"woocommerce_id":2327,"google_id":"online:en:IN:gla_2327"},{"woocommerce_id":2329,"google_id":"online:en:IN:gla_2329"},{"woocommerce_id":2331,"google_id":"online:en:IN:gla_2331"},{"woocommerce_id":2333,"google_id":"online:en:IN:gla_2333"},{"woocommerce_id":2335,"google_id":"online:en:IN:gla_2335"},{"woocommerce_id":2337,"google_id":"online:en:IN:gla_2337"},{"woocommerce_id":2339,"google_id":"online:en:IN:gla_2339"},{"woocommerce_id":2341,"google_id":"online:en:IN:gla_2341"},{"woocommerce_id":2343,"google_id":"online:en:IN:gla_2343"},{"woocommerce_id":2345,"google_id":"online:en:IN:gla_2345"},{"woocommerce_id":2347,"google_id":"online:en:IN:gla_2347"},{"woocommerce_id":2349,"google_id":"online:en:IN:gla_2349"},{"woocommerce_id":2351,"google_id":"online:en:IN:gla_2351"},{"woocommerce_id":2353,"google_id":"online:en:IN:gla_2353"},{"woocommerce_id":2355,"google_id":"online:en:IN:gla_2355"},{"woocommerce_id":2357,"google_id":"online:en:IN:gla_2357"},{"woocommerce_id":2359,"google_id":"online:en:IN:gla_2359"},{"woocommerce_id":2363,"google_id":"online:en:IN:gla_2363"},{"woocommerce_id":2365,"google_id":"online:en:IN:gla_2365"},{"woocommerce_id":2367,"google_id":"online:en:IN:gla_2367"},{"woocommerce_id":2381,"google_id":"online:en:IN:gla_2381"},{"woocommerce_id":2383,"google_id":"online:en:IN:gla_2383"},{"woocommerce_id":2385,"google_id":"online:en:IN:gla_2385"},{"woocommerce_id":2387,"google_id":"online:en:IN:gla_2387"},{"woocommerce_id":2389,"google_id":"online:en:IN:gla_2389"},{"woocommerce_id":2391,"google_id":"online:en:IN:gla_2391"},{"woocommerce_id":2393,"google_id":"online:en:IN:gla_2393"},{"woocommerce_id":2395,"google_id":"online:en:IN:gla_2395"},{"woocommerce_id":2399,"google_id":"online:en:IN:gla_2399"},{"woocommerce_id":2401,"google_id":"online:en:IN:gla_2401"},{"woocommerce_id":2403,"google_id":"online:en:IN:gla_2403"},{"woocommerce_id":2405,"google_id":"online:en:IN:gla_2405"},{"woocommerce_id":2407,"google_id":"online:en:IN:gla_2407"},{"woocommerce_id":2409,"google_id":"online:en:IN:gla_2409"},{"woocommerce_id":2411,"google_id":"online:en:IN:gla_2411"},{"woocommerce_id":2413,"google_id":"online:en:IN:gla_2413"},{"woocommerce_id":2415,"google_id":"online:en:IN:gla_2415"},{"woocommerce_id":2417,"google_id":"online:en:IN:gla_2417"},{"woocommerce_id":2419,"google_id":"online:en:IN:gla_2419"},{"woocommerce_id":2421,"google_id":"online:en:IN:gla_2421"},{"woocommerce_id":2423,"google_id":"online:en:IN:gla_2423"},{"woocommerce_id":2425,"google_id":"online:en:IN:gla_2425"},{"woocommerce_id":2427,"google_id":"online:en:IN:gla_2427"},{"woocommerce_id":2429,"google_id":"online:en:IN:gla_2429"},{"woocommerce_id":2431,"google_id":"online:en:IN:gla_2431"},{"woocommerce_id":2433,"google_id":"online:en:IN:gla_2433"},{"woocommerce_id":2435,"google_id":"online:en:IN:gla_2435"},{"woocommerce_id":2437,"google_id":"online:en:IN:gla_2437"},{"woocommerce_id":2439,"google_id":"online:en:IN:gla_2439"},{"woocommerce_id":2441,"google_id":"online:en:IN:gla_2441"},{"woocommerce_id":2443,"google_id":"online:en:IN:gla_2443"},{"woocommerce_id":2445,"google_id":"online:en:IN:gla_2445"},{"woocommerce_id":2447,"google_id":"online:en:IN:gla_2447"},{"woocommerce_id":2451,"google_id":"online:en:IN:gla_2451"},{"woocommerce_id":2453,"google_id":"online:en:IN:gla_2453"},{"woocommerce_id":2455,"google_id":"online:en:IN:gla_2455"},{"woocommerce_id":2457,"google_id":"online:en:IN:gla_2457"},{"woocommerce_id":2459,"google_id":"online:en:IN:gla_2459"},{"woocommerce_id":2461,"google_id":"online:en:IN:gla_2461"},{"woocommerce_id":2463,"google_id":"online:en:IN:gla_2463"},{"woocommerce_id":2467,"google_id":"online:en:IN:gla_2467"},{"woocommerce_id":2469,"google_id":"online:en:IN:gla_2469"},{"woocommerce_id":2471,"google_id":"online:en:IN:gla_2471"},{"woocommerce_id":2475,"google_id":"online:en:IN:gla_2475"},{"woocommerce_id":2477,"google_id":"online:en:IN:gla_2477"},{"woocommerce_id":2479,"google_id":"online:en:IN:gla_2479"},{"woocommerce_id":2483,"google_id":"online:en:IN:gla_2483"},{"woocommerce_id":2485,"google_id":"online:en:IN:gla_2485"},{"woocommerce_id":2487,"google_id":"online:en:IN:gla_2487"},{"woocommerce_id":2489,"google_id":"online:en:IN:gla_2489"},{"woocommerce_id":2491,"google_id":"online:en:IN:gla_2491"},{"woocommerce_id":2495,"google_id":"online:en:IN:gla_2495"},{"woocommerce_id":2497,"google_id":"online:en:IN:gla_2497"},{"woocommerce_id":2499,"google_id":"online:en:IN:gla_2499"},{"woocommerce_id":2501,"google_id":"online:en:IN:gla_2501"},{"woocommerce_id":2503,"google_id":"online:en:IN:gla_2503"},{"woocommerce_id":2505,"google_id":"online:en:IN:gla_2505"},{"woocommerce_id":2509,"google_id":"online:en:IN:gla_2509"},{"woocommerce_id":2511,"google_id":"online:en:IN:gla_2511"},{"woocommerce_id":2513,"google_id":"online:en:IN:gla_2513"},{"woocommerce_id":2517,"google_id":"online:en:IN:gla_2517"},{"woocommerce_id":2519,"google_id":"online:en:IN:gla_2519"},{"woocommerce_id":2521,"google_id":"online:en:IN:gla_2521"},{"woocommerce_id":2523,"google_id":"online:en:IN:gla_2523"},{"woocommerce_id":2525,"google_id":"online:en:IN:gla_2525"},{"woocommerce_id":2527,"google_id":"online:en:IN:gla_2527"},{"woocommerce_id":2529,"google_id":"online:en:IN:gla_2529"},{"woocommerce_id":2531,"google_id":"online:en:IN:gla_2531"},{"woocommerce_id":2533,"google_id":"online:en:IN:gla_2533"},{"woocommerce_id":2535,"google_id":"online:en:IN:gla_2535"},{"woocommerce_id":2537,"google_id":"online:en:IN:gla_2537"},{"woocommerce_id":2546,"google_id":"online:en:IN:gla_2546"},{"woocommerce_id":2548,"google_id":"online:en:IN:gla_2548"},{"woocommerce_id":2550,"google_id":"online:en:IN:gla_2550"},{"woocommerce_id":2552,"google_id":"online:en:IN:gla_2552"}]
