2025-10-22T03:01:32+00:00 DEBUG Automattic\WooCommerce\GoogleListingsAndAds\Product\WCProductAdapter::map_product_categories Product category (ID: 1827): ["Jal"].
2025-10-22T03:01:32+00:00 DEBUG Automattic\WooCommerce\GoogleListingsAndAds\Product\WCProductAdapter::map_product_categories Product category (ID: 1829): ["Half Body"].
2025-10-22T03:01:32+00:00 DEBUG Automattic\WooCommerce\GoogleListingsAndAds\Product\WCProductAdapter::map_product_categories Product category (ID: 1831): ["Astin"].
2025-10-22T03:01:32+00:00 DEBUG Automattic\WooCommerce\GoogleListingsAndAds\Product\WCProductAdapter::map_product_categories Product category (ID: 1833): ["Astin"].
2025-10-22T03:01:32+00:00 DEBUG Automattic\WooCommerce\GoogleListingsAndAds\Product\WCProductAdapter::map_product_categories Product category (ID: 1835): ["Belt"].
2025-10-22T03:01:32+00:00 DEBUG Automattic\WooCommerce\GoogleListingsAndAds\Product\WCProductAdapter::map_product_categories Product category (ID: 1837): ["Jacket"].
2025-10-22T03:01:32+00:00 DEBUG Automattic\WooCommerce\GoogleListingsAndAds\Product\WCProductAdapter::map_product_categories Product category (ID: 1839): ["All Over"].
2025-10-22T03:01:32+00:00 DEBUG Automattic\WooCommerce\GoogleListingsAndAds\Product\WCProductAdapter::map_product_categories Product category (ID: 1847): ["Full Body"].
2025-10-22T03:01:32+00:00 DEBUG Automattic\WooCommerce\GoogleListingsAndAds\Product\WCProductAdapter::map_product_categories Product category (ID: 1860): ["Jacket"].
2025-10-22T03:01:32+00:00 DEBUG Automattic\WooCommerce\GoogleListingsAndAds\Product\WCProductAdapter::map_product_categories Product category (ID: 1862): ["Astin"].
2025-10-22T03:01:32+00:00 DEBUG Automattic\WooCommerce\GoogleListingsAndAds\Product\WCProductAdapter::map_product_categories Product category (ID: 1868): ["All Over"].
2025-10-22T03:01:32+00:00 DEBUG Automattic\WooCommerce\GoogleListingsAndAds\Product\WCProductAdapter::map_product_categories Product category (ID: 1872): ["Astin"].
2025-10-22T03:01:32+00:00 DEBUG Automattic\WooCommerce\GoogleListingsAndAds\Product\WCProductAdapter::map_product_categories Product category (ID: 1878): ["All Over"].
2025-10-22T03:01:32+00:00 DEBUG Automattic\WooCommerce\GoogleListingsAndAds\Product\WCProductAdapter::map_product_categories Product category (ID: 1881): ["Full Body"].
2025-10-22T03:01:32+00:00 DEBUG Automattic\WooCommerce\GoogleListingsAndAds\Product\WCProductAdapter::map_product_categories Product category (ID: 1886): ["Belt"].
2025-10-22T03:01:32+00:00 DEBUG Automattic\WooCommerce\GoogleListingsAndAds\Product\WCProductAdapter::map_product_categories Product category (ID: 1888): ["All Over"].
2025-10-22T03:01:32+00:00 DEBUG Automattic\WooCommerce\GoogleListingsAndAds\Product\WCProductAdapter::map_product_categories Product category (ID: 1890): ["Sleeveless"].
2025-10-22T03:01:32+00:00 DEBUG Automattic\WooCommerce\GoogleListingsAndAds\Product\WCProductAdapter::map_product_categories Product category (ID: 1900): ["Jacket"].
2025-10-22T03:01:32+00:00 DEBUG Automattic\WooCommerce\GoogleListingsAndAds\Product\WCProductAdapter::map_product_categories Product category (ID: 1912): ["Full Body"].
2025-10-22T03:01:32+00:00 DEBUG Automattic\WooCommerce\GoogleListingsAndAds\Product\WCProductAdapter::map_product_categories Product category (ID: 1916): ["Full Body"].
2025-10-22T03:01:32+00:00 DEBUG Automattic\WooCommerce\GoogleListingsAndAds\Product\WCProductAdapter::map_product_categories Product category (ID: 1920): ["Full Body"].
2025-10-22T03:01:32+00:00 DEBUG Automattic\WooCommerce\GoogleListingsAndAds\Product\WCProductAdapter::map_product_categories Product category (ID: 1926): ["Full Body"].
2025-10-22T03:01:32+00:00 DEBUG Automattic\WooCommerce\GoogleListingsAndAds\Product\WCProductAdapter::map_product_categories Product category (ID: 1930): ["Kurti"].
2025-10-22T03:01:32+00:00 DEBUG Automattic\WooCommerce\GoogleListingsAndAds\Product\WCProductAdapter::map_product_categories Product category (ID: 1933): ["Astin"].
2025-10-22T03:01:32+00:00 DEBUG Automattic\WooCommerce\GoogleListingsAndAds\Product\WCProductAdapter::map_product_categories Product category (ID: 1935): ["Necklace"].
2025-10-22T03:01:32+00:00 DEBUG Automattic\WooCommerce\GoogleListingsAndAds\Product\WCProductAdapter::map_product_categories Product category (ID: 1937): ["Full Body"].
2025-10-22T03:01:32+00:00 DEBUG Automattic\WooCommerce\GoogleListingsAndAds\Product\WCProductAdapter::map_product_categories Product category (ID: 1949): ["All Over"].
2025-10-22T03:01:32+00:00 DEBUG Automattic\WooCommerce\GoogleListingsAndAds\Product\WCProductAdapter::map_product_categories Product category (ID: 1951): ["All Over"].
2025-10-22T03:01:32+00:00 DEBUG Automattic\WooCommerce\GoogleListingsAndAds\Product\WCProductAdapter::map_product_categories Product category (ID: 1953): ["Belt"].
2025-10-22T03:01:32+00:00 DEBUG Automattic\WooCommerce\GoogleListingsAndAds\Product\WCProductAdapter::map_product_categories Product category (ID: 1955): ["Kali"].
2025-10-22T03:01:32+00:00 DEBUG Automattic\WooCommerce\GoogleListingsAndAds\Product\WCProductAdapter::map_product_categories Product category (ID: 1957): ["Jal"].
2025-10-22T03:01:32+00:00 DEBUG Automattic\WooCommerce\GoogleListingsAndAds\Product\WCProductAdapter::map_product_categories Product category (ID: 1961): ["Astin"].
2025-10-22T03:01:32+00:00 DEBUG Automattic\WooCommerce\GoogleListingsAndAds\Product\WCProductAdapter::map_product_categories Product category (ID: 1965): ["Jacket"].
2025-10-22T03:01:32+00:00 DEBUG Automattic\WooCommerce\GoogleListingsAndAds\Product\WCProductAdapter::map_product_categories Product category (ID: 1969): ["Full Body"].
2025-10-22T03:01:32+00:00 DEBUG Automattic\WooCommerce\GoogleListingsAndAds\Product\WCProductAdapter::map_product_categories Product category (ID: 1971): ["All Over"].
2025-10-22T03:01:32+00:00 DEBUG Automattic\WooCommerce\GoogleListingsAndAds\Product\WCProductAdapter::map_product_categories Product category (ID: 1973): ["Astin"].
2025-10-22T03:01:32+00:00 DEBUG Automattic\WooCommerce\GoogleListingsAndAds\Product\WCProductAdapter::map_product_categories Product category (ID: 1979): ["Belt"].
2025-10-22T03:01:32+00:00 DEBUG Automattic\WooCommerce\GoogleListingsAndAds\Product\WCProductAdapter::map_product_categories Product category (ID: 1983): ["All Over"].
2025-10-22T03:01:32+00:00 DEBUG Automattic\WooCommerce\GoogleListingsAndAds\Product\WCProductAdapter::map_product_categories Product category (ID: 1989): ["Full Body"].
2025-10-22T03:01:32+00:00 DEBUG Automattic\WooCommerce\GoogleListingsAndAds\Product\WCProductAdapter::map_product_categories Product category (ID: 1991): ["Jacket"].
2025-10-22T03:01:32+00:00 DEBUG Automattic\WooCommerce\GoogleListingsAndAds\Product\WCProductAdapter::map_product_categories Product category (ID: 1995): ["Belt"].
2025-10-22T03:01:32+00:00 DEBUG Automattic\WooCommerce\GoogleListingsAndAds\Product\WCProductAdapter::map_product_categories Product category (ID: 1997): ["Jal"].
2025-10-22T03:01:32+00:00 DEBUG Automattic\WooCommerce\GoogleListingsAndAds\Product\WCProductAdapter::map_product_categories Product category (ID: 1999): ["Kali"].
2025-10-22T03:01:32+00:00 DEBUG Automattic\WooCommerce\GoogleListingsAndAds\Product\WCProductAdapter::map_product_categories Product category (ID: 2001): ["Jal"].
2025-10-22T03:01:32+00:00 DEBUG Automattic\WooCommerce\GoogleListingsAndAds\Product\WCProductAdapter::map_product_categories Product category (ID: 2003): ["All Over"].
2025-10-22T03:01:32+00:00 DEBUG Automattic\WooCommerce\GoogleListingsAndAds\Product\WCProductAdapter::map_product_categories Product category (ID: 2005): ["Heavy Jacket"].
2025-10-22T03:01:32+00:00 DEBUG Automattic\WooCommerce\GoogleListingsAndAds\Product\WCProductAdapter::map_product_categories Product category (ID: 2007): ["Kali"].
2025-10-22T03:01:32+00:00 DEBUG Automattic\WooCommerce\GoogleListingsAndAds\Product\WCProductAdapter::map_product_categories Product category (ID: 2009): ["Jacket"].
2025-10-22T03:01:32+00:00 DEBUG Automattic\WooCommerce\GoogleListingsAndAds\Product\WCProductAdapter::map_product_categories Product category (ID: 2011): ["Jal"].
2025-10-22T03:01:32+00:00 DEBUG Automattic\WooCommerce\GoogleListingsAndAds\Product\WCProductAdapter::map_product_categories Product category (ID: 2013): ["Jal"].
2025-10-22T03:01:32+00:00 DEBUG Automattic\WooCommerce\GoogleListingsAndAds\Product\WCProductAdapter::map_product_categories Product category (ID: 2015): ["All Over"].
2025-10-22T03:01:32+00:00 DEBUG Automattic\WooCommerce\GoogleListingsAndAds\Product\WCProductAdapter::map_product_categories Product category (ID: 2017): ["Heavy Jacket"].
2025-10-22T03:01:32+00:00 DEBUG Automattic\WooCommerce\GoogleListingsAndAds\Product\WCProductAdapter::map_product_categories Product category (ID: 2019): ["Heavy Jacket"].
2025-10-22T03:01:32+00:00 DEBUG Automattic\WooCommerce\GoogleListingsAndAds\Product\WCProductAdapter::map_product_categories Product category (ID: 2025): ["Jal"].
2025-10-22T03:01:32+00:00 DEBUG Automattic\WooCommerce\GoogleListingsAndAds\Product\WCProductAdapter::map_product_categories Product category (ID: 2027): ["Belt"].
2025-10-22T03:01:32+00:00 DEBUG Automattic\WooCommerce\GoogleListingsAndAds\Product\WCProductAdapter::map_product_categories Product category (ID: 2029): ["Astin"].
2025-10-22T03:01:32+00:00 DEBUG Automattic\WooCommerce\GoogleListingsAndAds\Product\WCProductAdapter::map_product_categories Product category (ID: 2031): ["Astin"].
2025-10-22T03:01:32+00:00 DEBUG Automattic\WooCommerce\GoogleListingsAndAds\Product\WCProductAdapter::map_product_categories Product category (ID: 2039): ["All Over"].
2025-10-22T03:01:32+00:00 DEBUG Automattic\WooCommerce\GoogleListingsAndAds\Product\WCProductAdapter::map_product_categories Product category (ID: 2041): ["Full Body"].
2025-10-22T03:01:32+00:00 DEBUG Automattic\WooCommerce\GoogleListingsAndAds\Product\WCProductAdapter::map_product_categories Product category (ID: 2043): ["Full Body"].
2025-10-22T03:01:32+00:00 DEBUG Automattic\WooCommerce\GoogleListingsAndAds\Product\WCProductAdapter::map_product_categories Product category (ID: 2047): ["Astin"].
2025-10-22T03:01:32+00:00 DEBUG Automattic\WooCommerce\GoogleListingsAndAds\Product\WCProductAdapter::map_product_categories Product category (ID: 2049): ["Half Body"].
2025-10-22T03:01:32+00:00 DEBUG Automattic\WooCommerce\GoogleListingsAndAds\Product\WCProductAdapter::map_product_categories Product category (ID: 2051): ["Half Body"].
2025-10-22T03:01:32+00:00 DEBUG Automattic\WooCommerce\GoogleListingsAndAds\Product\WCProductAdapter::map_product_categories Product category (ID: 2053): ["Jacket"].
2025-10-22T03:01:32+00:00 DEBUG Automattic\WooCommerce\GoogleListingsAndAds\Product\WCProductAdapter::map_product_categories Product category (ID: 2057): ["Belt"].
2025-10-22T03:01:32+00:00 DEBUG Automattic\WooCommerce\GoogleListingsAndAds\Product\WCProductAdapter::map_product_categories Product category (ID: 2061): ["Astin"].
2025-10-22T03:01:32+00:00 DEBUG Automattic\WooCommerce\GoogleListingsAndAds\Product\WCProductAdapter::map_product_categories Product category (ID: 2067): ["Half Body"].
2025-10-22T03:01:32+00:00 DEBUG Automattic\WooCommerce\GoogleListingsAndAds\Product\WCProductAdapter::map_product_categories Product category (ID: 2069): ["Full Body"].
2025-10-22T03:01:32+00:00 DEBUG Automattic\WooCommerce\GoogleListingsAndAds\Product\WCProductAdapter::map_product_categories Product category (ID: 2071): ["Kali"].
2025-10-22T03:01:32+00:00 DEBUG Automattic\WooCommerce\GoogleListingsAndAds\Product\WCProductAdapter::map_product_categories Product category (ID: 2073): ["Kali"].
2025-10-22T03:01:32+00:00 DEBUG Automattic\WooCommerce\GoogleListingsAndAds\Product\WCProductAdapter::map_product_categories Product category (ID: 2079): ["Belt"].
2025-10-22T03:01:32+00:00 DEBUG Automattic\WooCommerce\GoogleListingsAndAds\Product\WCProductAdapter::map_product_categories Product category (ID: 2081): ["Astin"].
2025-10-22T03:01:32+00:00 DEBUG Automattic\WooCommerce\GoogleListingsAndAds\Product\WCProductAdapter::map_product_categories Product category (ID: 2083): ["All Over"].
2025-10-22T03:01:32+00:00 DEBUG Automattic\WooCommerce\GoogleListingsAndAds\Product\WCProductAdapter::map_product_categories Product category (ID: 2089): ["Jal"].
2025-10-22T03:01:32+00:00 DEBUG Automattic\WooCommerce\GoogleListingsAndAds\Product\WCProductAdapter::map_product_categories Product category (ID: 2095): ["Astin"].
2025-10-22T03:01:32+00:00 DEBUG Automattic\WooCommerce\GoogleListingsAndAds\Product\WCProductAdapter::map_product_categories Product category (ID: 2097): ["Heavy Jacket"].
2025-10-22T03:01:32+00:00 DEBUG Automattic\WooCommerce\GoogleListingsAndAds\Product\WCProductAdapter::map_product_categories Product category (ID: 2101): ["Heavy Jacket"].
2025-10-22T03:01:32+00:00 DEBUG Automattic\WooCommerce\GoogleListingsAndAds\Product\WCProductAdapter::map_product_categories Product category (ID: 2103): ["Heavy Jacket"].
2025-10-22T03:01:32+00:00 DEBUG Automattic\WooCommerce\GoogleListingsAndAds\Product\WCProductAdapter::map_product_categories Product category (ID: 2105): ["Belt"].
2025-10-22T03:01:32+00:00 DEBUG Automattic\WooCommerce\GoogleListingsAndAds\Product\WCProductAdapter::map_product_categories Product category (ID: 2109): ["Belt"].
2025-10-22T03:01:32+00:00 DEBUG Automattic\WooCommerce\GoogleListingsAndAds\Product\WCProductAdapter::map_product_categories Product category (ID: 2111): ["Heavy Jacket"].
2025-10-22T03:01:32+00:00 DEBUG Automattic\WooCommerce\GoogleListingsAndAds\Product\WCProductAdapter::map_product_categories Product category (ID: 2113): ["Heavy Jacket"].
2025-10-22T03:01:32+00:00 DEBUG Automattic\WooCommerce\GoogleListingsAndAds\Product\WCProductAdapter::map_product_categories Product category (ID: 2117): ["Kali"].
2025-10-22T03:01:32+00:00 DEBUG Automattic\WooCommerce\GoogleListingsAndAds\Product\WCProductAdapter::map_product_categories Product category (ID: 2119): ["Astin"].
2025-10-22T03:01:32+00:00 DEBUG Automattic\WooCommerce\GoogleListingsAndAds\Product\WCProductAdapter::map_product_categories Product category (ID: 2121): ["Kali"].
2025-10-22T03:01:32+00:00 DEBUG Automattic\WooCommerce\GoogleListingsAndAds\Product\WCProductAdapter::map_product_categories Product category (ID: 2125): ["Belt"].
2025-10-22T03:01:32+00:00 DEBUG Automattic\WooCommerce\GoogleListingsAndAds\Product\WCProductAdapter::map_product_categories Product category (ID: 2129): ["All Over"].
2025-10-22T03:01:32+00:00 DEBUG Automattic\WooCommerce\GoogleListingsAndAds\Product\WCProductAdapter::map_product_categories Product category (ID: 2131): ["Jacket"].
2025-10-22T03:01:32+00:00 DEBUG Automattic\WooCommerce\GoogleListingsAndAds\Product\WCProductAdapter::map_product_categories Product category (ID: 2133): ["Full Body"].
2025-10-22T03:01:32+00:00 DEBUG Automattic\WooCommerce\GoogleListingsAndAds\Product\WCProductAdapter::map_product_categories Product category (ID: 2137): ["Jal"].
2025-10-22T03:01:32+00:00 DEBUG Automattic\WooCommerce\GoogleListingsAndAds\Product\WCProductAdapter::map_product_categories Product category (ID: 2139): ["Jal"].
2025-10-22T03:01:32+00:00 DEBUG Automattic\WooCommerce\GoogleListingsAndAds\Product\WCProductAdapter::map_product_categories Product category (ID: 2143): ["Heavy Jacket"].
2025-10-22T03:01:32+00:00 DEBUG Automattic\WooCommerce\GoogleListingsAndAds\Product\WCProductAdapter::map_product_categories Product category (ID: 2147): ["Astin"].
2025-10-22T03:01:32+00:00 DEBUG Automattic\WooCommerce\GoogleListingsAndAds\Product\WCProductAdapter::map_product_categories Product category (ID: 2153): ["All Over"].
2025-10-22T03:01:32+00:00 DEBUG Automattic\WooCommerce\GoogleListingsAndAds\Product\WCProductAdapter::map_product_categories Product category (ID: 2155): ["Jal"].
2025-10-22T03:01:32+00:00 DEBUG Automattic\WooCommerce\GoogleListingsAndAds\Product\WCProductAdapter::map_product_categories Product category (ID: 2157): ["Heavy Jacket"].
2025-10-22T03:01:32+00:00 DEBUG Automattic\WooCommerce\GoogleListingsAndAds\Product\WCProductAdapter::map_product_categories Product category (ID: 2159): ["Heavy Jacket"].
2025-10-22T03:01:32+00:00 DEBUG Automattic\WooCommerce\GoogleListingsAndAds\Product\WCProductAdapter::map_product_categories Product category (ID: 2165): ["Jal"].
2025-10-22T03:01:32+00:00 DEBUG Automattic\WooCommerce\GoogleListingsAndAds\Product\WCProductAdapter::map_product_categories Product category (ID: 2167): ["Astin"].
2025-10-22T03:01:32+00:00 DEBUG Automattic\WooCommerce\GoogleListingsAndAds\Product\WCProductAdapter::map_product_categories Product category (ID: 2175): ["Heavy Jacket"].
2025-10-22T03:01:34+00:00 DEBUG Automattic\WooCommerce\GoogleListingsAndAds\Product\ProductSyncer::update_by_batch_requests Submitted 100 products:
[{"woocommerce_id":1827,"google_id":"online:en:IN:gla_1827"},{"woocommerce_id":1829,"google_id":"online:en:IN:gla_1829"},{"woocommerce_id":1831,"google_id":"online:en:IN:gla_1831"},{"woocommerce_id":1833,"google_id":"online:en:IN:gla_1833"},{"woocommerce_id":1835,"google_id":"online:en:IN:gla_1835"},{"woocommerce_id":1837,"google_id":"online:en:IN:gla_1837"},{"woocommerce_id":1839,"google_id":"online:en:IN:gla_1839"},{"woocommerce_id":1847,"google_id":"online:en:IN:gla_1847"},{"woocommerce_id":1860,"google_id":"online:en:IN:gla_1860"},{"woocommerce_id":1862,"google_id":"online:en:IN:gla_1862"},{"woocommerce_id":1868,"google_id":"online:en:IN:gla_1868"},{"woocommerce_id":1872,"google_id":"online:en:IN:gla_1872"},{"woocommerce_id":1878,"google_id":"online:en:IN:gla_1878"},{"woocommerce_id":1881,"google_id":"online:en:IN:gla_1881"},{"woocommerce_id":1886,"google_id":"online:en:IN:gla_1886"},{"woocommerce_id":1888,"google_id":"online:en:IN:gla_1888"},{"woocommerce_id":1890,"google_id":"online:en:IN:gla_1890"},{"woocommerce_id":1900,"google_id":"online:en:IN:gla_1900"},{"woocommerce_id":1912,"google_id":"online:en:IN:gla_1912"},{"woocommerce_id":1916,"google_id":"online:en:IN:gla_1916"},{"woocommerce_id":1920,"google_id":"online:en:IN:gla_1920"},{"woocommerce_id":1926,"google_id":"online:en:IN:gla_1926"},{"woocommerce_id":1930,"google_id":"online:en:IN:gla_1930"},{"woocommerce_id":1933,"google_id":"online:en:IN:gla_1933"},{"woocommerce_id":1935,"google_id":"online:en:IN:gla_1935"},{"woocommerce_id":1937,"google_id":"online:en:IN:gla_1937"},{"woocommerce_id":1949,"google_id":"online:en:IN:gla_1949"},{"woocommerce_id":1951,"google_id":"online:en:IN:gla_1951"},{"woocommerce_id":1953,"google_id":"online:en:IN:gla_1953"},{"woocommerce_id":1955,"google_id":"online:en:IN:gla_1955"},{"woocommerce_id":1957,"google_id":"online:en:IN:gla_1957"},{"woocommerce_id":1961,"google_id":"online:en:IN:gla_1961"},{"woocommerce_id":1965,"google_id":"online:en:IN:gla_1965"},{"woocommerce_id":1969,"google_id":"online:en:IN:gla_1969"},{"woocommerce_id":1971,"google_id":"online:en:IN:gla_1971"},{"woocommerce_id":1973,"google_id":"online:en:IN:gla_1973"},{"woocommerce_id":1979,"google_id":"online:en:IN:gla_1979"},{"woocommerce_id":1983,"google_id":"online:en:IN:gla_1983"},{"woocommerce_id":1989,"google_id":"online:en:IN:gla_1989"},{"woocommerce_id":1991,"google_id":"online:en:IN:gla_1991"},{"woocommerce_id":1995,"google_id":"online:en:IN:gla_1995"},{"woocommerce_id":1997,"google_id":"online:en:IN:gla_1997"},{"woocommerce_id":1999,"google_id":"online:en:IN:gla_1999"},{"woocommerce_id":2001,"google_id":"online:en:IN:gla_2001"},{"woocommerce_id":2003,"google_id":"online:en:IN:gla_2003"},{"woocommerce_id":2005,"google_id":"online:en:IN:gla_2005"},{"woocommerce_id":2007,"google_id":"online:en:IN:gla_2007"},{"woocommerce_id":2009,"google_id":"online:en:IN:gla_2009"},{"woocommerce_id":2011,"google_id":"online:en:IN:gla_2011"},{"woocommerce_id":2013,"google_id":"online:en:IN:gla_2013"},{"woocommerce_id":2015,"google_id":"online:en:IN:gla_2015"},{"woocommerce_id":2017,"google_id":"online:en:IN:gla_2017"},{"woocommerce_id":2019,"google_id":"online:en:IN:gla_2019"},{"woocommerce_id":2025,"google_id":"online:en:IN:gla_2025"},{"woocommerce_id":2027,"google_id":"online:en:IN:gla_2027"},{"woocommerce_id":2029,"google_id":"online:en:IN:gla_2029"},{"woocommerce_id":2031,"google_id":"online:en:IN:gla_2031"},{"woocommerce_id":2039,"google_id":"online:en:IN:gla_2039"},{"woocommerce_id":2041,"google_id":"online:en:IN:gla_2041"},{"woocommerce_id":2043,"google_id":"online:en:IN:gla_2043"},{"woocommerce_id":2047,"google_id":"online:en:IN:gla_2047"},{"woocommerce_id":2049,"google_id":"online:en:IN:gla_2049"},{"woocommerce_id":2051,"google_id":"online:en:IN:gla_2051"},{"woocommerce_id":2053,"google_id":"online:en:IN:gla_2053"},{"woocommerce_id":2057,"google_id":"online:en:IN:gla_2057"},{"woocommerce_id":2061,"google_id":"online:en:IN:gla_2061"},{"woocommerce_id":2067,"google_id":"online:en:IN:gla_2067"},{"woocommerce_id":2069,"google_id":"online:en:IN:gla_2069"},{"woocommerce_id":2071,"google_id":"online:en:IN:gla_2071"},{"woocommerce_id":2073,"google_id":"online:en:IN:gla_2073"},{"woocommerce_id":2079,"google_id":"online:en:IN:gla_2079"},{"woocommerce_id":2081,"google_id":"online:en:IN:gla_2081"},{"woocommerce_id":2083,"google_id":"online:en:IN:gla_2083"},{"woocommerce_id":2089,"google_id":"online:en:IN:gla_2089"},{"woocommerce_id":2095,"google_id":"online:en:IN:gla_2095"},{"woocommerce_id":2097,"google_id":"online:en:IN:gla_2097"},{"woocommerce_id":2101,"google_id":"online:en:IN:gla_2101"},{"woocommerce_id":2103,"google_id":"online:en:IN:gla_2103"},{"woocommerce_id":2105,"google_id":"online:en:IN:gla_2105"},{"woocommerce_id":2109,"google_id":"online:en:IN:gla_2109"},{"woocommerce_id":2111,"google_id":"online:en:IN:gla_2111"},{"woocommerce_id":2113,"google_id":"online:en:IN:gla_2113"},{"woocommerce_id":2117,"google_id":"online:en:IN:gla_2117"},{"woocommerce_id":2119,"google_id":"online:en:IN:gla_2119"},{"woocommerce_id":2121,"google_id":"online:en:IN:gla_2121"},{"woocommerce_id":2125,"google_id":"online:en:IN:gla_2125"},{"woocommerce_id":2129,"google_id":"online:en:IN:gla_2129"},{"woocommerce_id":2131,"google_id":"online:en:IN:gla_2131"},{"woocommerce_id":2133,"google_id":"online:en:IN:gla_2133"},{"woocommerce_id":2137,"google_id":"online:en:IN:gla_2137"},{"woocommerce_id":2139,"google_id":"online:en:IN:gla_2139"},{"woocommerce_id":2143,"google_id":"online:en:IN:gla_2143"},{"woocommerce_id":2147,"google_id":"online:en:IN:gla_2147"},{"woocommerce_id":2153,"google_id":"online:en:IN:gla_2153"},{"woocommerce_id":2155,"google_id":"online:en:IN:gla_2155"},{"woocommerce_id":2157,"google_id":"online:en:IN:gla_2157"},{"woocommerce_id":2159,"google_id":"online:en:IN:gla_2159"},{"woocommerce_id":2165,"google_id":"online:en:IN:gla_2165"},{"woocommerce_id":2167,"google_id":"online:en:IN:gla_2167"},{"woocommerce_id":2175,"google_id":"online:en:IN:gla_2175"}]
