[Sun Nov 16 13:39:08.436876 2025] [ssl:warn] [pid 19132:tid 492] AH01909: www.example.com:443:0 server certificate does NOT include an ID which matches the server name
[Sun Nov 16 13:39:08.461792 2025] [ssl:warn] [pid 19132:tid 492] AH01909: www.example.com:443:0 server certificate does NOT include an ID which matches the server name
[Sun Nov 16 13:39:08.802038 2025] [mpm_winnt:notice] [pid 19132:tid 492] AH00455: Apache/2.4.58 (Win64) OpenSSL/3.1.3 PHP/8.2.12 configured -- resuming normal operations
[Sun Nov 16 13:39:08.802038 2025] [mpm_winnt:notice] [pid 19132:tid 492] AH00456: Apache Lounge VS17 Server built: Oct 18 2023 13:03:18
[Sun Nov 16 13:39:08.802038 2025] [core:notice] [pid 19132:tid 492] AH00094: Command line: 'apache\\bin\\httpd.exe -d N:/xampp/apache -f conf\\httpd.conf'
[Sun Nov 16 13:39:08.807798 2025] [mpm_winnt:notice] [pid 19132:tid 492] AH00418: Parent: Created child process 17504
Apache server shutdown initiated...
sl:warn] [pid 17504:tid 472] AH01909: www.example.com:443:0 server certificate does NOT include an ID which matches the server name
[Sun Nov 16 13:39:09.123055 2025] [ssl:warn] [pid 17504:tid 472] AH01909: www.example.com:443:0 server certificate does NOT include an ID which matches the server name
[Sun Nov 16 13:39:09.152779 2025] [mpm_winnt:notice] [pid 17504:tid 472] AH00354: Child: Starting 150 worker threads.
[Sun Nov 16 13:39:38.621098 2025] [mpm_winnt:notice] [pid 19132:tid 492] AH00422: Parent: Received shutdown signal -- Shutting down the server.
[Sun Nov 16 13:39:46.116422 2025] [mpm_winnt:notice] [pid 17504:tid 472] AH00364: Child: All worker threads have exited.
[Sun Nov 16 13:51:51.506190 2025] [ssl:warn] [pid 5276:tid 488] AH01909: www.example.com:443:0 server certificate does NOT include an ID which matches the server name
[Sun Nov 16 13:51:51.528134 2025] [core:warn] [pid 5276:tid 488] AH00098: pid file N:/xampp/apache/logs/httpd.pid overwritten -- Unclean shutdown of previous Apache run?
[Sun Nov 16 13:51:51.530134 2025] [ssl:warn] [pid 5276:tid 488] AH01909: www.example.com:443:0 server certificate does NOT include an ID which matches the server name
[Sun Nov 16 13:51:51.553155 2025] [mpm_winnt:notice] [pid 5276:tid 488] AH00455: Apache/2.4.58 (Win64) OpenSSL/3.1.3 PHP/8.2.12 configured -- resuming normal operations
[Sun Nov 16 13:51:51.553155 2025] [mpm_winnt:notice] [pid 5276:tid 488] AH00456: Apache Lounge VS17 Server built: Oct 18 2023 13:03:18
[Sun Nov 16 13:51:51.553155 2025] [core:notice] [pid 5276:tid 488] AH00094: Command line: 'n:\\xampp\\apache\\bin\\httpd.exe -d N:/xampp/apache'
[Sun Nov 16 13:51:51.553155 2025] [mpm_winnt:notice] [pid 5276:tid 488] AH00418: Parent: Created child process 888
[Sun Nov 16 13:51:51.806156 2025] [ssl:warn] [pid 888:tid 480] AH01909: www.example.com:443:0 server certificate does NOT include an ID which matches the server name
[Sun Nov 16 13:51:51.818518 2025] [ssl:warn] [pid 888:tid 480] AH01909: www.example.com:443:0 server certificate does NOT include an ID which matches the server name
[Sun Nov 16 13:51:51.850822 2025] [mpm_winnt:notice] [pid 888:tid 480] AH00354: Child: Starting 150 worker threads.
[Sun Nov 16 13:53:38.889599 2025] [php:warn] [pid 888:tid 1952] [client ::1:56485] PHP Warning:  Constant WP_DEBUG already defined in N:\\xampp\\htdocs\\embdesign\\wp-config.php on line 97
[Sun Nov 16 14:00:49.782587 2025] [php:warn] [pid 888:tid 1952] [client ::1:59054] PHP Warning:  Constant WP_DEBUG already defined in N:\\xampp\\htdocs\\embdesign\\wp-config.php on line 97
[Sun Nov 16 16:16:23.709683 2025] [ssl:warn] [pid 13284:tid 484] AH01909: www.example.com:443:0 server certificate does NOT include an ID which matches the server name
[Sun Nov 16 16:16:23.733647 2025] [core:warn] [pid 13284:tid 484] AH00098: pid file F:/xampp/apache/logs/httpd.pid overwritten -- Unclean shutdown of previous Apache run?
[Sun Nov 16 16:16:23.735649 2025] [ssl:warn] [pid 13284:tid 484] AH01909: www.example.com:443:0 server certificate does NOT include an ID which matches the server name
[Sun Nov 16 16:16:24.065734 2025] [mpm_winnt:notice] [pid 13284:tid 484] AH00455: Apache/2.4.58 (Win64) OpenSSL/3.1.3 PHP/8.2.12 configured -- resuming normal operations
[Sun Nov 16 16:16:24.065734 2025] [mpm_winnt:notice] [pid 13284:tid 484] AH00456: Apache Lounge VS17 Server built: Oct 18 2023 13:03:18
[Sun Nov 16 16:16:24.065734 2025] [core:notice] [pid 13284:tid 484] AH00094: Command line: 'f:\\xampp\\apache\\bin\\httpd.exe -d F:/xampp/apache'
[Sun Nov 16 16:16:24.067733 2025] [mpm_winnt:notice] [pid 13284:tid 484] AH00418: Parent: Created child process 13168
[Sun Nov 16 16:16:24.286561 2025] [ssl:warn] [pid 13168:tid 480] AH01909: www.example.com:443:0 server certificate does NOT include an ID which matches the server name
[Sun Nov 16 16:16:24.309756 2025] [ssl:warn] [pid 13168:tid 480] AH01909: www.example.com:443:0 server certificate does NOT include an ID which matches the server name
[Sun Nov 16 16:16:24.334767 2025] [mpm_winnt:notice] [pid 13168:tid 480] AH00354: Child: Starting 150 worker threads.
